  Determining projects to restore...
  All projects are up-to-date for restore.
  FantasyDB -> F:\FantasyDatabase\FantasyDatabaseManager\FantasyDB\bin\Debug\net9.0\FantasyDB.dll
F:\FantasyDatabase\FantasyDatabaseManager\FantasyDBStartup\Controllers\RouteController.cs(27,49): error CS0104: 'Route' is an ambiguous reference between 'FantasyDB.Models.Route' and 'Microsoft.AspNetCore.Routing.Route' [F:\FantasyDatabase\FantasyDatabaseManager\FantasyDBStartup\FantasyDBStartup.csproj]
F:\FantasyDatabase\FantasyDatabaseManager\FantasyDBStartup\Controllers\RouteController.cs(46,47): error CS0104: 'Route' is an ambiguous reference between 'FantasyDB.Models.Route' and 'Microsoft.AspNetCore.Routing.Route' [F:\FantasyDatabase\FantasyDatabaseManager\FantasyDBStartup\FantasyDBStartup.csproj]
F:\FantasyDatabase\FantasyDatabaseManager\FantasyDBStartup\Views\PriceExamples\Edit.cshtml(1,8): error CS0246: The type or namespace name 'PriceExample' could not be found (are you missing a using directive or an assembly reference?) [F:\FantasyDatabase\FantasyDatabaseManager\FantasyDBStartup\FantasyDBStartup.csproj]
F:\FantasyDatabase\FantasyDatabaseManager\FantasyDBStartup\Views\Event\Create.cshtml(2,8): error CS0246: The type or namespace name 'Event' could not be found (are you missing a using directive or an assembly reference?) [F:\FantasyDatabase\FantasyDatabaseManager\FantasyDBStartup\FantasyDBStartup.csproj]
F:\FantasyDatabase\FantasyDatabaseManager\FantasyDBStartup\Views\Language\Delete.cshtml(2,8): error CS0246: The type or namespace name 'Language' could not be found (are you missing a using directive or an assembly reference?) [F:\FantasyDatabase\FantasyDatabaseManager\FantasyDBStartup\FantasyDBStartup.csproj]
F:\FantasyDatabase\FantasyDatabaseManager\FantasyDBStartup\Views\CharacterRelationship\Details.cshtml(2,8): error CS0246: The type or namespace name 'CharacterRelationship' could not be found (are you missing a using directive or an assembly reference?) [F:\FantasyDatabase\FantasyDatabaseManager\FantasyDBStartup\FantasyDBStartup.csproj]
F:\FantasyDatabase\FantasyDatabaseManager\FantasyDBStartup\Views\River\Index.cshtml(2,20): error CS0246: The type or namespace name 'River' could not be found (are you missing a using directive or an assembly reference?) [F:\FantasyDatabase\FantasyDatabaseManager\FantasyDBStartup\FantasyDBStartup.csproj]
F:\FantasyDatabase\FantasyDatabaseManager\FantasyDBStartup\Views\Location\Details.cshtml(2,8): error CS0246: The type or namespace name 'Location' could not be found (are you missing a using directive or an assembly reference?) [F:\FantasyDatabase\FantasyDatabaseManager\FantasyDBStartup\FantasyDBStartup.csproj]
F:\FantasyDatabase\FantasyDatabaseManager\FantasyDBStartup\Views\Calendar\Delete.cshtml(2,8): error CS0246: The type or namespace name 'Calendar' could not be found (are you missing a using directive or an assembly reference?) [F:\FantasyDatabase\FantasyDatabaseManager\FantasyDBStartup\FantasyDBStartup.csproj]
F:\FantasyDatabase\FantasyDatabaseManager\FantasyDBStartup\Views\Faction\Delete.cshtml(2,8): error CS0246: The type or namespace name 'Faction' could not be found (are you missing a using directive or an assembly reference?) [F:\FantasyDatabase\FantasyDatabaseManager\FantasyDBStartup\FantasyDBStartup.csproj]
F:\FantasyDatabase\FantasyDatabaseManager\FantasyDBStartup\Views\Character\Edit.cshtml(2,8): error CS0246: The type or namespace name 'Character' could not be found (are you missing a using directive or an assembly reference?) [F:\FantasyDatabase\FantasyDatabaseManager\FantasyDBStartup\FantasyDBStartup.csproj]
F:\FantasyDatabase\FantasyDatabaseManager\FantasyDBStartup\Views\Artifact\Create.cshtml(2,8): error CS0246: The type or namespace name 'Artifact' could not be found (are you missing a using directive or an assembly reference?) [F:\FantasyDatabase\FantasyDatabaseManager\FantasyDBStartup\FantasyDBStartup.csproj]
F:\FantasyDatabase\FantasyDatabaseManager\FantasyDBStartup\Views\Currency\Index.cshtml(2,20): error CS0246: The type or namespace name 'Currency' could not be found (are you missing a using directive or an assembly reference?) [F:\FantasyDatabase\FantasyDatabaseManager\FantasyDBStartup\FantasyDBStartup.csproj]
F:\FantasyDatabase\FantasyDatabaseManager\FantasyDBStartup\obj\Debug\net9.0\Microsoft.CodeAnalysis.Razor.Compiler\Microsoft.NET.Sdk.Razor.SourceGenerators.RazorSourceGenerator\Views_PriceExamples_Edit_cshtml.g.cs(66,71): error CS0246: The type or namespace name 'PriceExample' could not be found (are you missing a using directive or an assembly reference?) [F:\FantasyDatabase\FantasyDatabaseManager\FantasyDBStartup\FantasyDBStartup.csproj]
F:\FantasyDatabase\FantasyDatabaseManager\FantasyDBStartup\obj\Debug\net9.0\Microsoft.CodeAnalysis.Razor.Compiler\Microsoft.NET.Sdk.Razor.SourceGenerators.RazorSourceGenerator\Views_Event_Create_cshtml.g.cs(67,71): error CS0246: The type or namespace name 'Event' could not be found (are you missing a using directive or an assembly reference?) [F:\FantasyDatabase\FantasyDatabaseManager\FantasyDBStartup\FantasyDBStartup.csproj]
F:\FantasyDatabase\FantasyDatabaseManager\FantasyDBStartup\obj\Debug\net9.0\Microsoft.CodeAnalysis.Razor.Compiler\Microsoft.NET.Sdk.Razor.SourceGenerators.RazorSourceGenerator\Views_Location_Details_cshtml.g.cs(79,71): error CS0246: The type or namespace name 'Location' could not be found (are you missing a using directive or an assembly reference?) [F:\FantasyDatabase\FantasyDatabaseManager\FantasyDBStartup\FantasyDBStartup.csproj]
F:\FantasyDatabase\FantasyDatabaseManager\FantasyDBStartup\obj\Debug\net9.0\Microsoft.CodeAnalysis.Razor.Compiler\Microsoft.NET.Sdk.Razor.SourceGenerators.RazorSourceGenerator\Views_Calendar_Delete_cshtml.g.cs(64,71): error CS0246: The type or namespace name 'Calendar' could not be found (are you missing a using directive or an assembly reference?) [F:\FantasyDatabase\FantasyDatabaseManager\FantasyDBStartup\FantasyDBStartup.csproj]
F:\FantasyDatabase\FantasyDatabaseManager\FantasyDBStartup\obj\Debug\net9.0\Microsoft.CodeAnalysis.Razor.Compiler\Microsoft.NET.Sdk.Razor.SourceGenerators.RazorSourceGenerator\Views_Language_Delete_cshtml.g.cs(64,71): error CS0246: The type or namespace name 'Language' could not be found (are you missing a using directive or an assembly reference?) [F:\FantasyDatabase\FantasyDatabaseManager\FantasyDBStartup\FantasyDBStartup.csproj]
F:\FantasyDatabase\FantasyDatabaseManager\FantasyDBStartup\obj\Debug\net9.0\Microsoft.CodeAnalysis.Razor.Compiler\Microsoft.NET.Sdk.Razor.SourceGenerators.RazorSourceGenerator\Views_Artifact_Create_cshtml.g.cs(67,71): error CS0246: The type or namespace name 'Artifact' could not be found (are you missing a using directive or an assembly reference?) [F:\FantasyDatabase\FantasyDatabaseManager\FantasyDBStartup\FantasyDBStartup.csproj]
F:\FantasyDatabase\FantasyDatabaseManager\FantasyDBStartup\obj\Debug\net9.0\Microsoft.CodeAnalysis.Razor.Compiler\Microsoft.NET.Sdk.Razor.SourceGenerators.RazorSourceGenerator\Views_River_Index_cshtml.g.cs(132,83): error CS0246: The type or namespace name 'River' could not be found (are you missing a using directive or an assembly reference?) [F:\FantasyDatabase\FantasyDatabaseManager\FantasyDBStartup\FantasyDBStartup.csproj]
F:\FantasyDatabase\FantasyDatabaseManager\FantasyDBStartup\obj\Debug\net9.0\Microsoft.CodeAnalysis.Razor.Compiler\Microsoft.NET.Sdk.Razor.SourceGenerators.RazorSourceGenerator\Views_Currency_Index_cshtml.g.cs(132,83): error CS0246: The type or namespace name 'Currency' could not be found (are you missing a using directive or an assembly reference?) [F:\FantasyDatabase\FantasyDatabaseManager\FantasyDBStartup\FantasyDBStartup.csproj]
F:\FantasyDatabase\FantasyDatabaseManager\FantasyDBStartup\obj\Debug\net9.0\Microsoft.CodeAnalysis.Razor.Compiler\Microsoft.NET.Sdk.Razor.SourceGenerators.RazorSourceGenerator\Views_Character_Edit_cshtml.g.cs(67,71): error CS0246: The type or namespace name 'Character' could not be found (are you missing a using directive or an assembly reference?) [F:\FantasyDatabase\FantasyDatabaseManager\FantasyDBStartup\FantasyDBStartup.csproj]
F:\FantasyDatabase\FantasyDatabaseManager\FantasyDBStartup\obj\Debug\net9.0\Microsoft.CodeAnalysis.Razor.Compiler\Microsoft.NET.Sdk.Razor.SourceGenerators.RazorSourceGenerator\Views_Faction_Delete_cshtml.g.cs(64,71): error CS0246: The type or namespace name 'Faction' could not be found (are you missing a using directive or an assembly reference?) [F:\FantasyDatabase\FantasyDatabaseManager\FantasyDBStartup\FantasyDBStartup.csproj]
F:\FantasyDatabase\FantasyDatabaseManager\FantasyDBStartup\obj\Debug\net9.0\Microsoft.CodeAnalysis.Razor.Compiler\Microsoft.NET.Sdk.Razor.SourceGenerators.RazorSourceGenerator\Views_CharacterRelationship_Details_cshtml.g.cs(79,71): error CS0246: The type or namespace name 'CharacterRelationship' could not be found (are you missing a using directive or an assembly reference?) [F:\FantasyDatabase\FantasyDatabaseManager\FantasyDBStartup\FantasyDBStartup.csproj]
F:\FantasyDatabase\FantasyDatabaseManager\FantasyDBStartup\Views\Character\Index.cshtml(2,20): error CS0246: The type or namespace name 'Character' could not be found (are you missing a using directive or an assembly reference?) [F:\FantasyDatabase\FantasyDatabaseManager\FantasyDBStartup\FantasyDBStartup.csproj]
F:\FantasyDatabase\FantasyDatabaseManager\FantasyDBStartup\Views\Calendar\Details.cshtml(2,8): error CS0246: The type or namespace name 'Calendar' could not be found (are you missing a using directive or an assembly reference?) [F:\FantasyDatabase\FantasyDatabaseManager\FantasyDBStartup\FantasyDBStartup.csproj]
F:\FantasyDatabase\FantasyDatabaseManager\FantasyDBStartup\Views\Location\Edit.cshtml(2,8): error CS0246: The type or namespace name 'Location' could not be found (are you missing a using directive or an assembly reference?) [F:\FantasyDatabase\FantasyDatabaseManager\FantasyDBStartup\FantasyDBStartup.csproj]
F:\FantasyDatabase\FantasyDatabaseManager\FantasyDBStartup\Views\Artifact\Delete.cshtml(2,8): error CS0246: The type or namespace name 'Artifact' could not be found (are you missing a using directive or an assembly reference?) [F:\FantasyDatabase\FantasyDatabaseManager\FantasyDBStartup\FantasyDBStartup.csproj]
F:\FantasyDatabase\FantasyDatabaseManager\FantasyDBStartup\Views\Faction\Details.cshtml(2,8): error CS0246: The type or namespace name 'Faction' could not be found (are you missing a using directive or an assembly reference?) [F:\FantasyDatabase\FantasyDatabaseManager\FantasyDBStartup\FantasyDBStartup.csproj]
F:\FantasyDatabase\FantasyDatabaseManager\FantasyDBStartup\Views\Language\Details.cshtml(2,8): error CS0246: The type or namespace name 'Language' could not be found (are you missing a using directive or an assembly reference?) [F:\FantasyDatabase\FantasyDatabaseManager\FantasyDBStartup\FantasyDBStartup.csproj]
F:\FantasyDatabase\FantasyDatabaseManager\FantasyDBStartup\Views\PriceExamples\Index.cshtml(2,20): error CS0246: The type or namespace name 'PriceExample' could not be found (are you missing a using directive or an assembly reference?) [F:\FantasyDatabase\FantasyDatabaseManager\FantasyDBStartup\FantasyDBStartup.csproj]
F:\FantasyDatabase\FantasyDatabaseManager\FantasyDBStartup\Views\CharacterRelationship\Edit.cshtml(2,8): error CS0246: The type or namespace name 'CharacterRelationship' could not be found (are you missing a using directive or an assembly reference?) [F:\FantasyDatabase\FantasyDatabaseManager\FantasyDBStartup\FantasyDBStartup.csproj]
F:\FantasyDatabase\FantasyDatabaseManager\FantasyDBStartup\Views\Event\Delete.cshtml(2,8): error CS0246: The type or namespace name 'Event' could not be found (are you missing a using directive or an assembly reference?) [F:\FantasyDatabase\FantasyDatabaseManager\FantasyDBStartup\FantasyDBStartup.csproj]
F:\FantasyDatabase\FantasyDatabaseManager\FantasyDBStartup\Views\Era\Create.cshtml(2,8): error CS0246: The type or namespace name 'Era' could not be found (are you missing a using directive or an assembly reference?) [F:\FantasyDatabase\FantasyDatabaseManager\FantasyDBStartup\FantasyDBStartup.csproj]
F:\FantasyDatabase\FantasyDatabaseManager\FantasyDBStartup\obj\Debug\net9.0\Microsoft.CodeAnalysis.Razor.Compiler\Microsoft.NET.Sdk.Razor.SourceGenerators.RazorSourceGenerator\Views_Character_Index_cshtml.g.cs(132,83): error CS0246: The type or namespace name 'Character' could not be found (are you missing a using directive or an assembly reference?) [F:\FantasyDatabase\FantasyDatabaseManager\FantasyDBStartup\FantasyDBStartup.csproj]
F:\FantasyDatabase\FantasyDatabaseManager\FantasyDBStartup\obj\Debug\net9.0\Microsoft.CodeAnalysis.Razor.Compiler\Microsoft.NET.Sdk.Razor.SourceGenerators.RazorSourceGenerator\Views_Location_Edit_cshtml.g.cs(67,71): error CS0246: The type or namespace name 'Location' could not be found (are you missing a using directive or an assembly reference?) [F:\FantasyDatabase\FantasyDatabaseManager\FantasyDBStartup\FantasyDBStartup.csproj]
F:\FantasyDatabase\FantasyDatabaseManager\FantasyDBStartup\obj\Debug\net9.0\Microsoft.CodeAnalysis.Razor.Compiler\Microsoft.NET.Sdk.Razor.SourceGenerators.RazorSourceGenerator\Views_Calendar_Details_cshtml.g.cs(79,71): error CS0246: The type or namespace name 'Calendar' could not be found (are you missing a using directive or an assembly reference?) [F:\FantasyDatabase\FantasyDatabaseManager\FantasyDBStartup\FantasyDBStartup.csproj]
F:\FantasyDatabase\FantasyDatabaseManager\FantasyDBStartup\obj\Debug\net9.0\Microsoft.CodeAnalysis.Razor.Compiler\Microsoft.NET.Sdk.Razor.SourceGenerators.RazorSourceGenerator\Views_Artifact_Delete_cshtml.g.cs(64,71): error CS0246: The type or namespace name 'Artifact' could not be found (are you missing a using directive or an assembly reference?) [F:\FantasyDatabase\FantasyDatabaseManager\FantasyDBStartup\FantasyDBStartup.csproj]
F:\FantasyDatabase\FantasyDatabaseManager\FantasyDBStartup\obj\Debug\net9.0\Microsoft.CodeAnalysis.Razor.Compiler\Microsoft.NET.Sdk.Razor.SourceGenerators.RazorSourceGenerator\Views_Language_Details_cshtml.g.cs(79,71): error CS0246: The type or namespace name 'Language' could not be found (are you missing a using directive or an assembly reference?) [F:\FantasyDatabase\FantasyDatabaseManager\FantasyDBStartup\FantasyDBStartup.csproj]
F:\FantasyDatabase\FantasyDatabaseManager\FantasyDBStartup\obj\Debug\net9.0\Microsoft.CodeAnalysis.Razor.Compiler\Microsoft.NET.Sdk.Razor.SourceGenerators.RazorSourceGenerator\Views_Faction_Details_cshtml.g.cs(79,71): error CS0246: The type or namespace name 'Faction' could not be found (are you missing a using directive or an assembly reference?) [F:\FantasyDatabase\FantasyDatabaseManager\FantasyDBStartup\FantasyDBStartup.csproj]
F:\FantasyDatabase\FantasyDatabaseManager\FantasyDBStartup\obj\Debug\net9.0\Microsoft.CodeAnalysis.Razor.Compiler\Microsoft.NET.Sdk.Razor.SourceGenerators.RazorSourceGenerator\Views_CharacterRelationship_Edit_cshtml.g.cs(67,71): error CS0246: The type or namespace name 'CharacterRelationship' could not be found (are you missing a using directive or an assembly reference?) [F:\FantasyDatabase\FantasyDatabaseManager\FantasyDBStartup\FantasyDBStartup.csproj]
F:\FantasyDatabase\FantasyDatabaseManager\FantasyDBStartup\obj\Debug\net9.0\Microsoft.CodeAnalysis.Razor.Compiler\Microsoft.NET.Sdk.Razor.SourceGenerators.RazorSourceGenerator\Views_Era_Create_cshtml.g.cs(67,71): error CS0246: The type or namespace name 'Era' could not be found (are you missing a using directive or an assembly reference?) [F:\FantasyDatabase\FantasyDatabaseManager\FantasyDBStartup\FantasyDBStartup.csproj]
F:\FantasyDatabase\FantasyDatabaseManager\FantasyDBStartup\obj\Debug\net9.0\Microsoft.CodeAnalysis.Razor.Compiler\Microsoft.NET.Sdk.Razor.SourceGenerators.RazorSourceGenerator\Views_Event_Delete_cshtml.g.cs(64,71): error CS0246: The type or namespace name 'Event' could not be found (are you missing a using directive or an assembly reference?) [F:\FantasyDatabase\FantasyDatabaseManager\FantasyDBStartup\FantasyDBStartup.csproj]
F:\FantasyDatabase\FantasyDatabaseManager\FantasyDBStartup\obj\Debug\net9.0\Microsoft.CodeAnalysis.Razor.Compiler\Microsoft.NET.Sdk.Razor.SourceGenerators.RazorSourceGenerator\Views_PriceExamples_Index_cshtml.g.cs(144,83): error CS0246: The type or namespace name 'PriceExample' could not be found (are you missing a using directive or an assembly reference?) [F:\FantasyDatabase\FantasyDatabaseManager\FantasyDBStartup\FantasyDBStartup.csproj]
F:\FantasyDatabase\FantasyDatabaseManager\FantasyDBStartup\Views\Calendar\Edit.cshtml(2,8): error CS0246: The type or namespace name 'Calendar' could not be found (are you missing a using directive or an assembly reference?) [F:\FantasyDatabase\FantasyDatabaseManager\FantasyDBStartup\FantasyDBStartup.csproj]
F:\FantasyDatabase\FantasyDatabaseManager\FantasyDBStartup\Views\Location\Index.cshtml(2,20): error CS0246: The type or namespace name 'Location' could not be found (are you missing a using directive or an assembly reference?) [F:\FantasyDatabase\FantasyDatabaseManager\FantasyDBStartup\FantasyDBStartup.csproj]
F:\FantasyDatabase\FantasyDatabaseManager\FantasyDBStartup\Views\Artifact\Details.cshtml(2,8): error CS0246: The type or namespace name 'Artifact' could not be found (are you missing a using directive or an assembly reference?) [F:\FantasyDatabase\FantasyDatabaseManager\FantasyDBStartup\FantasyDBStartup.csproj]
F:\FantasyDatabase\FantasyDatabaseManager\FantasyDBStartup\Views\Faction\Edit.cshtml(2,8): error CS0246: The type or namespace name 'Faction' could not be found (are you missing a using directive or an assembly reference?) [F:\FantasyDatabase\FantasyDatabaseManager\FantasyDBStartup\FantasyDBStartup.csproj]
F:\FantasyDatabase\FantasyDatabaseManager\FantasyDBStartup\Views\Language\Edit.cshtml(2,8): error CS0246: The type or namespace name 'Language' could not be found (are you missing a using directive or an assembly reference?) [F:\FantasyDatabase\FantasyDatabaseManager\FantasyDBStartup\FantasyDBStartup.csproj]
F:\FantasyDatabase\FantasyDatabaseManager\FantasyDBStartup\Views\Currency\Create.cshtml(2,8): error CS0246: The type or namespace name 'Currency' could not be found (are you missing a using directive or an assembly reference?) [F:\FantasyDatabase\FantasyDatabaseManager\FantasyDBStartup\FantasyDBStartup.csproj]
F:\FantasyDatabase\FantasyDatabaseManager\FantasyDBStartup\Views\Era\Delete.cshtml(2,8): error CS0246: The type or namespace name 'Era' could not be found (are you missing a using directive or an assembly reference?) [F:\FantasyDatabase\FantasyDatabaseManager\FantasyDBStartup\FantasyDBStartup.csproj]
F:\FantasyDatabase\FantasyDatabaseManager\FantasyDBStartup\Views\CharacterRelationship\Index.cshtml(2,20): error CS0246: The type or namespace name 'CharacterRelationship' could not be found (are you missing a using directive or an assembly reference?) [F:\FantasyDatabase\FantasyDatabaseManager\FantasyDBStartup\FantasyDBStartup.csproj]
F:\FantasyDatabase\FantasyDatabaseManager\FantasyDBStartup\Views\Event\Details.cshtml(2,8): error CS0246: The type or namespace name 'Event' could not be found (are you missing a using directive or an assembly reference?) [F:\FantasyDatabase\FantasyDatabaseManager\FantasyDBStartup\FantasyDBStartup.csproj]
F:\FantasyDatabase\FantasyDatabaseManager\FantasyDBStartup\Views\River\Create.cshtml(2,8): error CS0246: The type or namespace name 'River' could not be found (are you missing a using directive or an assembly reference?) [F:\FantasyDatabase\FantasyDatabaseManager\FantasyDBStartup\FantasyDBStartup.csproj]
F:\FantasyDatabase\FantasyDatabaseManager\FantasyDBStartup\obj\Debug\net9.0\Microsoft.CodeAnalysis.Razor.Compiler\Microsoft.NET.Sdk.Razor.SourceGenerators.RazorSourceGenerator\Views_Calendar_Edit_cshtml.g.cs(67,71): error CS0246: The type or namespace name 'Calendar' could not be found (are you missing a using directive or an assembly reference?) [F:\FantasyDatabase\FantasyDatabaseManager\FantasyDBStartup\FantasyDBStartup.csproj]
F:\FantasyDatabase\FantasyDatabaseManager\FantasyDBStartup\obj\Debug\net9.0\Microsoft.CodeAnalysis.Razor.Compiler\Microsoft.NET.Sdk.Razor.SourceGenerators.RazorSourceGenerator\Views_Location_Index_cshtml.g.cs(132,83): error CS0246: The type or namespace name 'Location' could not be found (are you missing a using directive or an assembly reference?) [F:\FantasyDatabase\FantasyDatabaseManager\FantasyDBStartup\FantasyDBStartup.csproj]
F:\FantasyDatabase\FantasyDatabaseManager\FantasyDBStartup\obj\Debug\net9.0\Microsoft.CodeAnalysis.Razor.Compiler\Microsoft.NET.Sdk.Razor.SourceGenerators.RazorSourceGenerator\Views_Artifact_Details_cshtml.g.cs(79,71): error CS0246: The type or namespace name 'Artifact' could not be found (are you missing a using directive or an assembly reference?) [F:\FantasyDatabase\FantasyDatabaseManager\FantasyDBStartup\FantasyDBStartup.csproj]
F:\FantasyDatabase\FantasyDatabaseManager\FantasyDBStartup\obj\Debug\net9.0\Microsoft.CodeAnalysis.Razor.Compiler\Microsoft.NET.Sdk.Razor.SourceGenerators.RazorSourceGenerator\Views_Era_Delete_cshtml.g.cs(64,71): error CS0246: The type or namespace name 'Era' could not be found (are you missing a using directive or an assembly reference?) [F:\FantasyDatabase\FantasyDatabaseManager\FantasyDBStartup\FantasyDBStartup.csproj]
F:\FantasyDatabase\FantasyDatabaseManager\FantasyDBStartup\obj\Debug\net9.0\Microsoft.CodeAnalysis.Razor.Compiler\Microsoft.NET.Sdk.Razor.SourceGenerators.RazorSourceGenerator\Views_Faction_Edit_cshtml.g.cs(67,71): error CS0246: The type or namespace name 'Faction' could not be found (are you missing a using directive or an assembly reference?) [F:\FantasyDatabase\FantasyDatabaseManager\FantasyDBStartup\FantasyDBStartup.csproj]
F:\FantasyDatabase\FantasyDatabaseManager\FantasyDBStartup\obj\Debug\net9.0\Microsoft.CodeAnalysis.Razor.Compiler\Microsoft.NET.Sdk.Razor.SourceGenerators.RazorSourceGenerator\Views_Language_Edit_cshtml.g.cs(67,71): error CS0246: The type or namespace name 'Language' could not be found (are you missing a using directive or an assembly reference?) [F:\FantasyDatabase\FantasyDatabaseManager\FantasyDBStartup\FantasyDBStartup.csproj]
F:\FantasyDatabase\FantasyDatabaseManager\FantasyDBStartup\obj\Debug\net9.0\Microsoft.CodeAnalysis.Razor.Compiler\Microsoft.NET.Sdk.Razor.SourceGenerators.RazorSourceGenerator\Views_Currency_Create_cshtml.g.cs(67,71): error CS0246: The type or namespace name 'Currency' could not be found (are you missing a using directive or an assembly reference?) [F:\FantasyDatabase\FantasyDatabaseManager\FantasyDBStartup\FantasyDBStartup.csproj]
F:\FantasyDatabase\FantasyDatabaseManager\FantasyDBStartup\obj\Debug\net9.0\Microsoft.CodeAnalysis.Razor.Compiler\Microsoft.NET.Sdk.Razor.SourceGenerators.RazorSourceGenerator\Views_CharacterRelationship_Index_cshtml.g.cs(144,83): error CS0246: The type or namespace name 'CharacterRelationship' could not be found (are you missing a using directive or an assembly reference?) [F:\FantasyDatabase\FantasyDatabaseManager\FantasyDBStartup\FantasyDBStartup.csproj]
F:\FantasyDatabase\FantasyDatabaseManager\FantasyDBStartup\obj\Debug\net9.0\Microsoft.CodeAnalysis.Razor.Compiler\Microsoft.NET.Sdk.Razor.SourceGenerators.RazorSourceGenerator\Views_Event_Details_cshtml.g.cs(79,71): error CS0246: The type or namespace name 'Event' could not be found (are you missing a using directive or an assembly reference?) [F:\FantasyDatabase\FantasyDatabaseManager\FantasyDBStartup\FantasyDBStartup.csproj]
F:\FantasyDatabase\FantasyDatabaseManager\FantasyDBStartup\obj\Debug\net9.0\Microsoft.CodeAnalysis.Razor.Compiler\Microsoft.NET.Sdk.Razor.SourceGenerators.RazorSourceGenerator\Views_River_Create_cshtml.g.cs(67,71): error CS0246: The type or namespace name 'River' could not be found (are you missing a using directive or an assembly reference?) [F:\FantasyDatabase\FantasyDatabaseManager\FantasyDBStartup\FantasyDBStartup.csproj]
F:\FantasyDatabase\FantasyDatabaseManager\FantasyDBStartup\Views\PriceExamples\Create.cshtml(1,8): error CS0246: The type or namespace name 'PriceExample' could not be found (are you missing a using directive or an assembly reference?) [F:\FantasyDatabase\FantasyDatabaseManager\FantasyDBStartup\FantasyDBStartup.csproj]
F:\FantasyDatabase\FantasyDatabaseManager\FantasyDBStartup\Views\Calendar\Index.cshtml(2,20): error CS0246: The type or namespace name 'Calendar' could not be found (are you missing a using directive or an assembly reference?) [F:\FantasyDatabase\FantasyDatabaseManager\FantasyDBStartup\FantasyDBStartup.csproj]
F:\FantasyDatabase\FantasyDatabaseManager\FantasyDBStartup\Views\Artifact\Edit.cshtml(2,8): error CS0246: The type or namespace name 'Artifact' could not be found (are you missing a using directive or an assembly reference?) [F:\FantasyDatabase\FantasyDatabaseManager\FantasyDBStartup\FantasyDBStartup.csproj]
F:\FantasyDatabase\FantasyDatabaseManager\FantasyDBStartup\Views\Era\Details.cshtml(2,8): error CS0246: The type or namespace name 'Era' could not be found (are you missing a using directive or an assembly reference?) [F:\FantasyDatabase\FantasyDatabaseManager\FantasyDBStartup\FantasyDBStartup.csproj]
F:\FantasyDatabase\FantasyDatabaseManager\FantasyDBStartup\Views\Language\Index.cshtml(2,20): error CS0246: The type or namespace name 'Language' could not be found (are you missing a using directive or an assembly reference?) [F:\FantasyDatabase\FantasyDatabaseManager\FantasyDBStartup\FantasyDBStartup.csproj]
F:\FantasyDatabase\FantasyDatabaseManager\FantasyDBStartup\Views\Faction\Index.cshtml(2,20): error CS0246: The type or namespace name 'Faction' could not be found (are you missing a using directive or an assembly reference?) [F:\FantasyDatabase\FantasyDatabaseManager\FantasyDBStartup\FantasyDBStartup.csproj]
F:\FantasyDatabase\FantasyDatabaseManager\FantasyDBStartup\Views\Currency\Delete.cshtml(2,8): error CS0246: The type or namespace name 'Currency' could not be found (are you missing a using directive or an assembly reference?) [F:\FantasyDatabase\FantasyDatabaseManager\FantasyDBStartup\FantasyDBStartup.csproj]
F:\FantasyDatabase\FantasyDatabaseManager\FantasyDBStartup\Views\Character\Create.cshtml(2,8): error CS0246: The type or namespace name 'Character' could not be found (are you missing a using directive or an assembly reference?) [F:\FantasyDatabase\FantasyDatabaseManager\FantasyDBStartup\FantasyDBStartup.csproj]
F:\FantasyDatabase\FantasyDatabaseManager\FantasyDBStartup\Views\Event\Edit.cshtml(2,8): error CS0246: The type or namespace name 'Event' could not be found (are you missing a using directive or an assembly reference?) [F:\FantasyDatabase\FantasyDatabaseManager\FantasyDBStartup\FantasyDBStartup.csproj]
F:\FantasyDatabase\FantasyDatabaseManager\FantasyDBStartup\Views\River\Delete.cshtml(2,8): error CS0246: The type or namespace name 'River' could not be found (are you missing a using directive or an assembly reference?) [F:\FantasyDatabase\FantasyDatabaseManager\FantasyDBStartup\FantasyDBStartup.csproj]
F:\FantasyDatabase\FantasyDatabaseManager\FantasyDBStartup\obj\Debug\net9.0\Microsoft.CodeAnalysis.Razor.Compiler\Microsoft.NET.Sdk.Razor.SourceGenerators.RazorSourceGenerator\Views_PriceExamples_Create_cshtml.g.cs(66,71): error CS0246: The type or namespace name 'PriceExample' could not be found (are you missing a using directive or an assembly reference?) [F:\FantasyDatabase\FantasyDatabaseManager\FantasyDBStartup\FantasyDBStartup.csproj]
F:\FantasyDatabase\FantasyDatabaseManager\FantasyDBStartup\obj\Debug\net9.0\Microsoft.CodeAnalysis.Razor.Compiler\Microsoft.NET.Sdk.Razor.SourceGenerators.RazorSourceGenerator\Views_Calendar_Index_cshtml.g.cs(132,83): error CS0246: The type or namespace name 'Calendar' could not be found (are you missing a using directive or an assembly reference?) [F:\FantasyDatabase\FantasyDatabaseManager\FantasyDBStartup\FantasyDBStartup.csproj]
F:\FantasyDatabase\FantasyDatabaseManager\FantasyDBStartup\obj\Debug\net9.0\Microsoft.CodeAnalysis.Razor.Compiler\Microsoft.NET.Sdk.Razor.SourceGenerators.RazorSourceGenerator\Views_Era_Details_cshtml.g.cs(79,71): error CS0246: The type or namespace name 'Era' could not be found (are you missing a using directive or an assembly reference?) [F:\FantasyDatabase\FantasyDatabaseManager\FantasyDBStartup\FantasyDBStartup.csproj]
F:\FantasyDatabase\FantasyDatabaseManager\FantasyDBStartup\obj\Debug\net9.0\Microsoft.CodeAnalysis.Razor.Compiler\Microsoft.NET.Sdk.Razor.SourceGenerators.RazorSourceGenerator\Views_Artifact_Edit_cshtml.g.cs(67,71): error CS0246: The type or namespace name 'Artifact' could not be found (are you missing a using directive or an assembly reference?) [F:\FantasyDatabase\FantasyDatabaseManager\FantasyDBStartup\FantasyDBStartup.csproj]
F:\FantasyDatabase\FantasyDatabaseManager\FantasyDBStartup\obj\Debug\net9.0\Microsoft.CodeAnalysis.Razor.Compiler\Microsoft.NET.Sdk.Razor.SourceGenerators.RazorSourceGenerator\Views_Currency_Delete_cshtml.g.cs(64,71): error CS0246: The type or namespace name 'Currency' could not be found (are you missing a using directive or an assembly reference?) [F:\FantasyDatabase\FantasyDatabaseManager\FantasyDBStartup\FantasyDBStartup.csproj]
F:\FantasyDatabase\FantasyDatabaseManager\FantasyDBStartup\obj\Debug\net9.0\Microsoft.CodeAnalysis.Razor.Compiler\Microsoft.NET.Sdk.Razor.SourceGenerators.RazorSourceGenerator\Views_Event_Edit_cshtml.g.cs(67,71): error CS0246: The type or namespace name 'Event' could not be found (are you missing a using directive or an assembly reference?) [F:\FantasyDatabase\FantasyDatabaseManager\FantasyDBStartup\FantasyDBStartup.csproj]
F:\FantasyDatabase\FantasyDatabaseManager\FantasyDBStartup\obj\Debug\net9.0\Microsoft.CodeAnalysis.Razor.Compiler\Microsoft.NET.Sdk.Razor.SourceGenerators.RazorSourceGenerator\Views_Language_Index_cshtml.g.cs(132,83): error CS0246: The type or namespace name 'Language' could not be found (are you missing a using directive or an assembly reference?) [F:\FantasyDatabase\FantasyDatabaseManager\FantasyDBStartup\FantasyDBStartup.csproj]
F:\FantasyDatabase\FantasyDatabaseManager\FantasyDBStartup\obj\Debug\net9.0\Microsoft.CodeAnalysis.Razor.Compiler\Microsoft.NET.Sdk.Razor.SourceGenerators.RazorSourceGenerator\Views_Faction_Index_cshtml.g.cs(132,83): error CS0246: The type or namespace name 'Faction' could not be found (are you missing a using directive or an assembly reference?) [F:\FantasyDatabase\FantasyDatabaseManager\FantasyDBStartup\FantasyDBStartup.csproj]
F:\FantasyDatabase\FantasyDatabaseManager\FantasyDBStartup\obj\Debug\net9.0\Microsoft.CodeAnalysis.Razor.Compiler\Microsoft.NET.Sdk.Razor.SourceGenerators.RazorSourceGenerator\Views_Character_Create_cshtml.g.cs(67,71): error CS0246: The type or namespace name 'Character' could not be found (are you missing a using directive or an assembly reference?) [F:\FantasyDatabase\FantasyDatabaseManager\FantasyDBStartup\FantasyDBStartup.csproj]
F:\FantasyDatabase\FantasyDatabaseManager\FantasyDBStartup\obj\Debug\net9.0\Microsoft.CodeAnalysis.Razor.Compiler\Microsoft.NET.Sdk.Razor.SourceGenerators.RazorSourceGenerator\Views_River_Delete_cshtml.g.cs(64,71): error CS0246: The type or namespace name 'River' could not be found (are you missing a using directive or an assembly reference?) [F:\FantasyDatabase\FantasyDatabaseManager\FantasyDBStartup\FantasyDBStartup.csproj]
F:\FantasyDatabase\FantasyDatabaseManager\FantasyDBStartup\Views\PriceExamples\Delete.cshtml(1,8): error CS0246: The type or namespace name 'PriceExample' could not be found (are you missing a using directive or an assembly reference?) [F:\FantasyDatabase\FantasyDatabaseManager\FantasyDBStartup\FantasyDBStartup.csproj]
F:\FantasyDatabase\FantasyDatabaseManager\FantasyDBStartup\Views\CharacterRelationship\Create.cshtml(2,8): error CS0246: The type or namespace name 'CharacterRelationship' could not be found (are you missing a using directive or an assembly reference?) [F:\FantasyDatabase\FantasyDatabaseManager\FantasyDBStartup\FantasyDBStartup.csproj]
F:\FantasyDatabase\FantasyDatabaseManager\FantasyDBStartup\Views\Artifact\Index.cshtml(2,20): error CS0246: The type or namespace name 'Artifact' could not be found (are you missing a using directive or an assembly reference?) [F:\FantasyDatabase\FantasyDatabaseManager\FantasyDBStartup\FantasyDBStartup.csproj]
F:\FantasyDatabase\FantasyDatabaseManager\FantasyDBStartup\Views\Era\Edit.cshtml(2,8): error CS0246: The type or namespace name 'Era' could not be found (are you missing a using directive or an assembly reference?) [F:\FantasyDatabase\FantasyDatabaseManager\FantasyDBStartup\FantasyDBStartup.csproj]
F:\FantasyDatabase\FantasyDatabaseManager\FantasyDBStartup\Views\Currency\Details.cshtml(2,8): error CS0246: The type or namespace name 'Currency' could not be found (are you missing a using directive or an assembly reference?) [F:\FantasyDatabase\FantasyDatabaseManager\FantasyDBStartup\FantasyDBStartup.csproj]
F:\FantasyDatabase\FantasyDatabaseManager\FantasyDBStartup\Views\Character\Delete.cshtml(2,8): error CS0246: The type or namespace name 'Character' could not be found (are you missing a using directive or an assembly reference?) [F:\FantasyDatabase\FantasyDatabaseManager\FantasyDBStartup\FantasyDBStartup.csproj]
F:\FantasyDatabase\FantasyDatabaseManager\FantasyDBStartup\Views\Location\Create.cshtml(2,8): error CS0246: The type or namespace name 'Location' could not be found (are you missing a using directive or an assembly reference?) [F:\FantasyDatabase\FantasyDatabaseManager\FantasyDBStartup\FantasyDBStartup.csproj]
F:\FantasyDatabase\FantasyDatabaseManager\FantasyDBStartup\Views\Event\Index.cshtml(2,20): error CS0246: The type or namespace name 'Event' could not be found (are you missing a using directive or an assembly reference?) [F:\FantasyDatabase\FantasyDatabaseManager\FantasyDBStartup\FantasyDBStartup.csproj]
F:\FantasyDatabase\FantasyDatabaseManager\FantasyDBStartup\Views\River\Details.cshtml(2,8): error CS0246: The type or namespace name 'River' could not be found (are you missing a using directive or an assembly reference?) [F:\FantasyDatabase\FantasyDatabaseManager\FantasyDBStartup\FantasyDBStartup.csproj]
F:\FantasyDatabase\FantasyDatabaseManager\FantasyDBStartup\obj\Debug\net9.0\Microsoft.CodeAnalysis.Razor.Compiler\Microsoft.NET.Sdk.Razor.SourceGenerators.RazorSourceGenerator\Views_PriceExamples_Delete_cshtml.g.cs(63,71): error CS0246: The type or namespace name 'PriceExample' could not be found (are you missing a using directive or an assembly reference?) [F:\FantasyDatabase\FantasyDatabaseManager\FantasyDBStartup\FantasyDBStartup.csproj]
F:\FantasyDatabase\FantasyDatabaseManager\FantasyDBStartup\obj\Debug\net9.0\Microsoft.CodeAnalysis.Razor.Compiler\Microsoft.NET.Sdk.Razor.SourceGenerators.RazorSourceGenerator\Views_CharacterRelationship_Create_cshtml.g.cs(67,71): error CS0246: The type or namespace name 'CharacterRelationship' could not be found (are you missing a using directive or an assembly reference?) [F:\FantasyDatabase\FantasyDatabaseManager\FantasyDBStartup\FantasyDBStartup.csproj]
F:\FantasyDatabase\FantasyDatabaseManager\FantasyDBStartup\obj\Debug\net9.0\Microsoft.CodeAnalysis.Razor.Compiler\Microsoft.NET.Sdk.Razor.SourceGenerators.RazorSourceGenerator\Views_Era_Edit_cshtml.g.cs(67,71): error CS0246: The type or namespace name 'Era' could not be found (are you missing a using directive or an assembly reference?) [F:\FantasyDatabase\FantasyDatabaseManager\FantasyDBStartup\FantasyDBStartup.csproj]
F:\FantasyDatabase\FantasyDatabaseManager\FantasyDBStartup\obj\Debug\net9.0\Microsoft.CodeAnalysis.Razor.Compiler\Microsoft.NET.Sdk.Razor.SourceGenerators.RazorSourceGenerator\Views_Artifact_Index_cshtml.g.cs(132,83): error CS0246: The type or namespace name 'Artifact' could not be found (are you missing a using directive or an assembly reference?) [F:\FantasyDatabase\FantasyDatabaseManager\FantasyDBStartup\FantasyDBStartup.csproj]
F:\FantasyDatabase\FantasyDatabaseManager\FantasyDBStartup\obj\Debug\net9.0\Microsoft.CodeAnalysis.Razor.Compiler\Microsoft.NET.Sdk.Razor.SourceGenerators.RazorSourceGenerator\Views_Currency_Details_cshtml.g.cs(79,71): error CS0246: The type or namespace name 'Currency' could not be found (are you missing a using directive or an assembly reference?) [F:\FantasyDatabase\FantasyDatabaseManager\FantasyDBStartup\FantasyDBStartup.csproj]
F:\FantasyDatabase\FantasyDatabaseManager\FantasyDBStartup\obj\Debug\net9.0\Microsoft.CodeAnalysis.Razor.Compiler\Microsoft.NET.Sdk.Razor.SourceGenerators.RazorSourceGenerator\Views_Character_Delete_cshtml.g.cs(64,71): error CS0246: The type or namespace name 'Character' could not be found (are you missing a using directive or an assembly reference?) [F:\FantasyDatabase\FantasyDatabaseManager\FantasyDBStartup\FantasyDBStartup.csproj]
F:\FantasyDatabase\FantasyDatabaseManager\FantasyDBStartup\obj\Debug\net9.0\Microsoft.CodeAnalysis.Razor.Compiler\Microsoft.NET.Sdk.Razor.SourceGenerators.RazorSourceGenerator\Views_Location_Create_cshtml.g.cs(67,71): error CS0246: The type or namespace name 'Location' could not be found (are you missing a using directive or an assembly reference?) [F:\FantasyDatabase\FantasyDatabaseManager\FantasyDBStartup\FantasyDBStartup.csproj]
F:\FantasyDatabase\FantasyDatabaseManager\FantasyDBStartup\Views\Language\Create.cshtml(2,8): error CS0246: The type or namespace name 'Language' could not be found (are you missing a using directive or an assembly reference?) [F:\FantasyDatabase\FantasyDatabaseManager\FantasyDBStartup\FantasyDBStartup.csproj]
F:\FantasyDatabase\FantasyDatabaseManager\FantasyDBStartup\obj\Debug\net9.0\Microsoft.CodeAnalysis.Razor.Compiler\Microsoft.NET.Sdk.Razor.SourceGenerators.RazorSourceGenerator\Views_Event_Index_cshtml.g.cs(132,83): error CS0246: The type or namespace name 'Event' could not be found (are you missing a using directive or an assembly reference?) [F:\FantasyDatabase\FantasyDatabaseManager\FantasyDBStartup\FantasyDBStartup.csproj]
F:\FantasyDatabase\FantasyDatabaseManager\FantasyDBStartup\obj\Debug\net9.0\Microsoft.CodeAnalysis.Razor.Compiler\Microsoft.NET.Sdk.Razor.SourceGenerators.RazorSourceGenerator\Views_River_Details_cshtml.g.cs(79,71): error CS0246: The type or namespace name 'River' could not be found (are you missing a using directive or an assembly reference?) [F:\FantasyDatabase\FantasyDatabaseManager\FantasyDBStartup\FantasyDBStartup.csproj]
F:\FantasyDatabase\FantasyDatabaseManager\FantasyDBStartup\Views\PriceExamples\Details.cshtml(1,8): error CS0246: The type or namespace name 'PriceExample' could not be found (are you missing a using directive or an assembly reference?) [F:\FantasyDatabase\FantasyDatabaseManager\FantasyDBStartup\FantasyDBStartup.csproj]
F:\FantasyDatabase\FantasyDatabaseManager\FantasyDBStartup\Views\CharacterRelationship\Delete.cshtml(2,8): error CS0246: The type or namespace name 'CharacterRelationship' could not be found (are you missing a using directive or an assembly reference?) [F:\FantasyDatabase\FantasyDatabaseManager\FantasyDBStartup\FantasyDBStartup.csproj]
F:\FantasyDatabase\FantasyDatabaseManager\FantasyDBStartup\obj\Debug\net9.0\Microsoft.CodeAnalysis.Razor.Compiler\Microsoft.NET.Sdk.Razor.SourceGenerators.RazorSourceGenerator\Views_Language_Create_cshtml.g.cs(67,71): error CS0246: The type or namespace name 'Language' could not be found (are you missing a using directive or an assembly reference?) [F:\FantasyDatabase\FantasyDatabaseManager\FantasyDBStartup\FantasyDBStartup.csproj]
F:\FantasyDatabase\FantasyDatabaseManager\FantasyDBStartup\Views\Era\Index.cshtml(2,20): error CS0246: The type or namespace name 'Era' could not be found (are you missing a using directive or an assembly reference?) [F:\FantasyDatabase\FantasyDatabaseManager\FantasyDBStartup\FantasyDBStartup.csproj]
F:\FantasyDatabase\FantasyDatabaseManager\FantasyDBStartup\Views\Calendar\Create.cshtml(2,8): error CS0246: The type or namespace name 'Calendar' could not be found (are you missing a using directive or an assembly reference?) [F:\FantasyDatabase\FantasyDatabaseManager\FantasyDBStartup\FantasyDBStartup.csproj]
F:\FantasyDatabase\FantasyDatabaseManager\FantasyDBStartup\Views\Currency\Edit.cshtml(2,8): error CS0246: The type or namespace name 'Currency' could not be found (are you missing a using directive or an assembly reference?) [F:\FantasyDatabase\FantasyDatabaseManager\FantasyDBStartup\FantasyDBStartup.csproj]
F:\FantasyDatabase\FantasyDatabaseManager\FantasyDBStartup\Views\Location\Delete.cshtml(2,8): error CS0246: The type or namespace name 'Location' could not be found (are you missing a using directive or an assembly reference?) [F:\FantasyDatabase\FantasyDatabaseManager\FantasyDBStartup\FantasyDBStartup.csproj]
F:\FantasyDatabase\FantasyDatabaseManager\FantasyDBStartup\Views\Character\Details.cshtml(2,8): error CS0246: The type or namespace name 'Character' could not be found (are you missing a using directive or an assembly reference?) [F:\FantasyDatabase\FantasyDatabaseManager\FantasyDBStartup\FantasyDBStartup.csproj]
F:\FantasyDatabase\FantasyDatabaseManager\FantasyDBStartup\Views\Faction\Create.cshtml(2,8): error CS0246: The type or namespace name 'Faction' could not be found (are you missing a using directive or an assembly reference?) [F:\FantasyDatabase\FantasyDatabaseManager\FantasyDBStartup\FantasyDBStartup.csproj]
F:\FantasyDatabase\FantasyDatabaseManager\FantasyDBStartup\Views\River\Edit.cshtml(2,8): error CS0246: The type or namespace name 'River' could not be found (are you missing a using directive or an assembly reference?) [F:\FantasyDatabase\FantasyDatabaseManager\FantasyDBStartup\FantasyDBStartup.csproj]
F:\FantasyDatabase\FantasyDatabaseManager\FantasyDBStartup\obj\Debug\net9.0\Microsoft.CodeAnalysis.Razor.Compiler\Microsoft.NET.Sdk.Razor.SourceGenerators.RazorSourceGenerator\Views_PriceExamples_Details_cshtml.g.cs(78,71): error CS0246: The type or namespace name 'PriceExample' could not be found (are you missing a using directive or an assembly reference?) [F:\FantasyDatabase\FantasyDatabaseManager\FantasyDBStartup\FantasyDBStartup.csproj]
F:\FantasyDatabase\FantasyDatabaseManager\FantasyDBStartup\obj\Debug\net9.0\Microsoft.CodeAnalysis.Razor.Compiler\Microsoft.NET.Sdk.Razor.SourceGenerators.RazorSourceGenerator\Views_CharacterRelationship_Delete_cshtml.g.cs(64,71): error CS0246: The type or namespace name 'CharacterRelationship' could not be found (are you missing a using directive or an assembly reference?) [F:\FantasyDatabase\FantasyDatabaseManager\FantasyDBStartup\FantasyDBStartup.csproj]
F:\FantasyDatabase\FantasyDatabaseManager\FantasyDBStartup\obj\Debug\net9.0\Microsoft.CodeAnalysis.Razor.Compiler\Microsoft.NET.Sdk.Razor.SourceGenerators.RazorSourceGenerator\Views_Era_Index_cshtml.g.cs(132,83): error CS0246: The type or namespace name 'Era' could not be found (are you missing a using directive or an assembly reference?) [F:\FantasyDatabase\FantasyDatabaseManager\FantasyDBStartup\FantasyDBStartup.csproj]
F:\FantasyDatabase\FantasyDatabaseManager\FantasyDBStartup\obj\Debug\net9.0\Microsoft.CodeAnalysis.Razor.Compiler\Microsoft.NET.Sdk.Razor.SourceGenerators.RazorSourceGenerator\Views_Calendar_Create_cshtml.g.cs(67,71): error CS0246: The type or namespace name 'Calendar' could not be found (are you missing a using directive or an assembly reference?) [F:\FantasyDatabase\FantasyDatabaseManager\FantasyDBStartup\FantasyDBStartup.csproj]
F:\FantasyDatabase\FantasyDatabaseManager\FantasyDBStartup\obj\Debug\net9.0\Microsoft.CodeAnalysis.Razor.Compiler\Microsoft.NET.Sdk.Razor.SourceGenerators.RazorSourceGenerator\Views_Currency_Edit_cshtml.g.cs(67,71): error CS0246: The type or namespace name 'Currency' could not be found (are you missing a using directive or an assembly reference?) [F:\FantasyDatabase\FantasyDatabaseManager\FantasyDBStartup\FantasyDBStartup.csproj]
F:\FantasyDatabase\FantasyDatabaseManager\FantasyDBStartup\obj\Debug\net9.0\Microsoft.CodeAnalysis.Razor.Compiler\Microsoft.NET.Sdk.Razor.SourceGenerators.RazorSourceGenerator\Views_Location_Delete_cshtml.g.cs(64,71): error CS0246: The type or namespace name 'Location' could not be found (are you missing a using directive or an assembly reference?) [F:\FantasyDatabase\FantasyDatabaseManager\FantasyDBStartup\FantasyDBStartup.csproj]
F:\FantasyDatabase\FantasyDatabaseManager\FantasyDBStartup\obj\Debug\net9.0\Microsoft.CodeAnalysis.Razor.Compiler\Microsoft.NET.Sdk.Razor.SourceGenerators.RazorSourceGenerator\Views_Character_Details_cshtml.g.cs(79,71): error CS0246: The type or namespace name 'Character' could not be found (are you missing a using directive or an assembly reference?) [F:\FantasyDatabase\FantasyDatabaseManager\FantasyDBStartup\FantasyDBStartup.csproj]
F:\FantasyDatabase\FantasyDatabaseManager\FantasyDBStartup\obj\Debug\net9.0\Microsoft.CodeAnalysis.Razor.Compiler\Microsoft.NET.Sdk.Razor.SourceGenerators.RazorSourceGenerator\Views_Faction_Create_cshtml.g.cs(67,71): error CS0246: The type or namespace name 'Faction' could not be found (are you missing a using directive or an assembly reference?) [F:\FantasyDatabase\FantasyDatabaseManager\FantasyDBStartup\FantasyDBStartup.csproj]
F:\FantasyDatabase\FantasyDatabaseManager\FantasyDBStartup\Views\Snapshot\Edit.cshtml(2,8): error CS0246: The type or namespace name 'Snapshot' could not be found (are you missing a using directive or an assembly reference?) [F:\FantasyDatabase\FantasyDatabaseManager\FantasyDBStartup\FantasyDBStartup.csproj]
F:\FantasyDatabase\FantasyDatabaseManager\FantasyDBStartup\obj\Debug\net9.0\Microsoft.CodeAnalysis.Razor.Compiler\Microsoft.NET.Sdk.Razor.SourceGenerators.RazorSourceGenerator\Views_River_Edit_cshtml.g.cs(67,71): error CS0246: The type or namespace name 'River' could not be found (are you missing a using directive or an assembly reference?) [F:\FantasyDatabase\FantasyDatabaseManager\FantasyDBStartup\FantasyDBStartup.csproj]
F:\FantasyDatabase\FantasyDatabaseManager\FantasyDBStartup\Views\Snapshot\Create.cshtml(2,8): error CS0246: The type or namespace name 'Snapshot' could not be found (are you missing a using directive or an assembly reference?) [F:\FantasyDatabase\FantasyDatabaseManager\FantasyDBStartup\FantasyDBStartup.csproj]
F:\FantasyDatabase\FantasyDatabaseManager\FantasyDBStartup\obj\Debug\net9.0\Microsoft.CodeAnalysis.Razor.Compiler\Microsoft.NET.Sdk.Razor.SourceGenerators.RazorSourceGenerator\Views_Snapshot_Edit_cshtml.g.cs(67,71): error CS0246: The type or namespace name 'Snapshot' could not be found (are you missing a using directive or an assembly reference?) [F:\FantasyDatabase\FantasyDatabaseManager\FantasyDBStartup\FantasyDBStartup.csproj]
F:\FantasyDatabase\FantasyDatabaseManager\FantasyDBStartup\obj\Debug\net9.0\Microsoft.CodeAnalysis.Razor.Compiler\Microsoft.NET.Sdk.Razor.SourceGenerators.RazorSourceGenerator\Views_Snapshot_Create_cshtml.g.cs(67,71): error CS0246: The type or namespace name 'Snapshot' could not be found (are you missing a using directive or an assembly reference?) [F:\FantasyDatabase\FantasyDatabaseManager\FantasyDBStartup\FantasyDBStartup.csproj]
F:\FantasyDatabase\FantasyDatabaseManager\FantasyDBStartup\Views\Snapshot\Index.cshtml(2,20): error CS0246: The type or namespace name 'Snapshot' could not be found (are you missing a using directive or an assembly reference?) [F:\FantasyDatabase\FantasyDatabaseManager\FantasyDBStartup\FantasyDBStartup.csproj]
F:\FantasyDatabase\FantasyDatabaseManager\FantasyDBStartup\Views\Snapshot\Delete.cshtml(2,8): error CS0246: The type or namespace name 'Snapshot' could not be found (are you missing a using directive or an assembly reference?) [F:\FantasyDatabase\FantasyDatabaseManager\FantasyDBStartup\FantasyDBStartup.csproj]
F:\FantasyDatabase\FantasyDatabaseManager\FantasyDBStartup\obj\Debug\net9.0\Microsoft.CodeAnalysis.Razor.Compiler\Microsoft.NET.Sdk.Razor.SourceGenerators.RazorSourceGenerator\Views_Snapshot_Delete_cshtml.g.cs(64,71): error CS0246: The type or namespace name 'Snapshot' could not be found (are you missing a using directive or an assembly reference?) [F:\FantasyDatabase\FantasyDatabaseManager\FantasyDBStartup\FantasyDBStartup.csproj]
F:\FantasyDatabase\FantasyDatabaseManager\FantasyDBStartup\obj\Debug\net9.0\Microsoft.CodeAnalysis.Razor.Compiler\Microsoft.NET.Sdk.Razor.SourceGenerators.RazorSourceGenerator\Views_Snapshot_Index_cshtml.g.cs(132,83): error CS0246: The type or namespace name 'Snapshot' could not be found (are you missing a using directive or an assembly reference?) [F:\FantasyDatabase\FantasyDatabaseManager\FantasyDBStartup\FantasyDBStartup.csproj]
F:\FantasyDatabase\FantasyDatabaseManager\FantasyDBStartup\Views\Snapshot\Details.cshtml(2,8): error CS0246: The type or namespace name 'Snapshot' could not be found (are you missing a using directive or an assembly reference?) [F:\FantasyDatabase\FantasyDatabaseManager\FantasyDBStartup\FantasyDBStartup.csproj]
F:\FantasyDatabase\FantasyDatabaseManager\FantasyDBStartup\obj\Debug\net9.0\Microsoft.CodeAnalysis.Razor.Compiler\Microsoft.NET.Sdk.Razor.SourceGenerators.RazorSourceGenerator\Views_Snapshot_Details_cshtml.g.cs(79,71): error CS0246: The type or namespace name 'Snapshot' could not be found (are you missing a using directive or an assembly reference?) [F:\FantasyDatabase\FantasyDatabaseManager\FantasyDBStartup\FantasyDBStartup.csproj]

Build FAILED.

F:\FantasyDatabase\FantasyDatabaseManager\FantasyDBStartup\Controllers\RouteController.cs(27,49): error CS0104: 'Route' is an ambiguous reference between 'FantasyDB.Models.Route' and 'Microsoft.AspNetCore.Routing.Route' [F:\FantasyDatabase\FantasyDatabaseManager\FantasyDBStartup\FantasyDBStartup.csproj]
F:\FantasyDatabase\FantasyDatabaseManager\FantasyDBStartup\Controllers\RouteController.cs(46,47): error CS0104: 'Route' is an ambiguous reference between 'FantasyDB.Models.Route' and 'Microsoft.AspNetCore.Routing.Route' [F:\FantasyDatabase\FantasyDatabaseManager\FantasyDBStartup\FantasyDBStartup.csproj]
F:\FantasyDatabase\FantasyDatabaseManager\FantasyDBStartup\Views\PriceExamples\Edit.cshtml(1,8): error CS0246: The type or namespace name 'PriceExample' could not be found (are you missing a using directive or an assembly reference?) [F:\FantasyDatabase\FantasyDatabaseManager\FantasyDBStartup\FantasyDBStartup.csproj]
F:\FantasyDatabase\FantasyDatabaseManager\FantasyDBStartup\Views\Event\Create.cshtml(2,8): error CS0246: The type or namespace name 'Event' could not be found (are you missing a using directive or an assembly reference?) [F:\FantasyDatabase\FantasyDatabaseManager\FantasyDBStartup\FantasyDBStartup.csproj]
F:\FantasyDatabase\FantasyDatabaseManager\FantasyDBStartup\Views\Language\Delete.cshtml(2,8): error CS0246: The type or namespace name 'Language' could not be found (are you missing a using directive or an assembly reference?) [F:\FantasyDatabase\FantasyDatabaseManager\FantasyDBStartup\FantasyDBStartup.csproj]
F:\FantasyDatabase\FantasyDatabaseManager\FantasyDBStartup\Views\CharacterRelationship\Details.cshtml(2,8): error CS0246: The type or namespace name 'CharacterRelationship' could not be found (are you missing a using directive or an assembly reference?) [F:\FantasyDatabase\FantasyDatabaseManager\FantasyDBStartup\FantasyDBStartup.csproj]
F:\FantasyDatabase\FantasyDatabaseManager\FantasyDBStartup\Views\River\Index.cshtml(2,20): error CS0246: The type or namespace name 'River' could not be found (are you missing a using directive or an assembly reference?) [F:\FantasyDatabase\FantasyDatabaseManager\FantasyDBStartup\FantasyDBStartup.csproj]
F:\FantasyDatabase\FantasyDatabaseManager\FantasyDBStartup\Views\Location\Details.cshtml(2,8): error CS0246: The type or namespace name 'Location' could not be found (are you missing a using directive or an assembly reference?) [F:\FantasyDatabase\FantasyDatabaseManager\FantasyDBStartup\FantasyDBStartup.csproj]
F:\FantasyDatabase\FantasyDatabaseManager\FantasyDBStartup\Views\Calendar\Delete.cshtml(2,8): error CS0246: The type or namespace name 'Calendar' could not be found (are you missing a using directive or an assembly reference?) [F:\FantasyDatabase\FantasyDatabaseManager\FantasyDBStartup\FantasyDBStartup.csproj]
F:\FantasyDatabase\FantasyDatabaseManager\FantasyDBStartup\Views\Faction\Delete.cshtml(2,8): error CS0246: The type or namespace name 'Faction' could not be found (are you missing a using directive or an assembly reference?) [F:\FantasyDatabase\FantasyDatabaseManager\FantasyDBStartup\FantasyDBStartup.csproj]
F:\FantasyDatabase\FantasyDatabaseManager\FantasyDBStartup\Views\Character\Edit.cshtml(2,8): error CS0246: The type or namespace name 'Character' could not be found (are you missing a using directive or an assembly reference?) [F:\FantasyDatabase\FantasyDatabaseManager\FantasyDBStartup\FantasyDBStartup.csproj]
F:\FantasyDatabase\FantasyDatabaseManager\FantasyDBStartup\Views\Artifact\Create.cshtml(2,8): error CS0246: The type or namespace name 'Artifact' could not be found (are you missing a using directive or an assembly reference?) [F:\FantasyDatabase\FantasyDatabaseManager\FantasyDBStartup\FantasyDBStartup.csproj]
F:\FantasyDatabase\FantasyDatabaseManager\FantasyDBStartup\Views\Currency\Index.cshtml(2,20): error CS0246: The type or namespace name 'Currency' could not be found (are you missing a using directive or an assembly reference?) [F:\FantasyDatabase\FantasyDatabaseManager\FantasyDBStartup\FantasyDBStartup.csproj]
F:\FantasyDatabase\FantasyDatabaseManager\FantasyDBStartup\obj\Debug\net9.0\Microsoft.CodeAnalysis.Razor.Compiler\Microsoft.NET.Sdk.Razor.SourceGenerators.RazorSourceGenerator\Views_PriceExamples_Edit_cshtml.g.cs(66,71): error CS0246: The type or namespace name 'PriceExample' could not be found (are you missing a using directive or an assembly reference?) [F:\FantasyDatabase\FantasyDatabaseManager\FantasyDBStartup\FantasyDBStartup.csproj]
F:\FantasyDatabase\FantasyDatabaseManager\FantasyDBStartup\obj\Debug\net9.0\Microsoft.CodeAnalysis.Razor.Compiler\Microsoft.NET.Sdk.Razor.SourceGenerators.RazorSourceGenerator\Views_Event_Create_cshtml.g.cs(67,71): error CS0246: The type or namespace name 'Event' could not be found (are you missing a using directive or an assembly reference?) [F:\FantasyDatabase\FantasyDatabaseManager\FantasyDBStartup\FantasyDBStartup.csproj]
F:\FantasyDatabase\FantasyDatabaseManager\FantasyDBStartup\obj\Debug\net9.0\Microsoft.CodeAnalysis.Razor.Compiler\Microsoft.NET.Sdk.Razor.SourceGenerators.RazorSourceGenerator\Views_Location_Details_cshtml.g.cs(79,71): error CS0246: The type or namespace name 'Location' could not be found (are you missing a using directive or an assembly reference?) [F:\FantasyDatabase\FantasyDatabaseManager\FantasyDBStartup\FantasyDBStartup.csproj]
F:\FantasyDatabase\FantasyDatabaseManager\FantasyDBStartup\obj\Debug\net9.0\Microsoft.CodeAnalysis.Razor.Compiler\Microsoft.NET.Sdk.Razor.SourceGenerators.RazorSourceGenerator\Views_Calendar_Delete_cshtml.g.cs(64,71): error CS0246: The type or namespace name 'Calendar' could not be found (are you missing a using directive or an assembly reference?) [F:\FantasyDatabase\FantasyDatabaseManager\FantasyDBStartup\FantasyDBStartup.csproj]
F:\FantasyDatabase\FantasyDatabaseManager\FantasyDBStartup\obj\Debug\net9.0\Microsoft.CodeAnalysis.Razor.Compiler\Microsoft.NET.Sdk.Razor.SourceGenerators.RazorSourceGenerator\Views_Language_Delete_cshtml.g.cs(64,71): error CS0246: The type or namespace name 'Language' could not be found (are you missing a using directive or an assembly reference?) [F:\FantasyDatabase\FantasyDatabaseManager\FantasyDBStartup\FantasyDBStartup.csproj]
F:\FantasyDatabase\FantasyDatabaseManager\FantasyDBStartup\obj\Debug\net9.0\Microsoft.CodeAnalysis.Razor.Compiler\Microsoft.NET.Sdk.Razor.SourceGenerators.RazorSourceGenerator\Views_Artifact_Create_cshtml.g.cs(67,71): error CS0246: The type or namespace name 'Artifact' could not be found (are you missing a using directive or an assembly reference?) [F:\FantasyDatabase\FantasyDatabaseManager\FantasyDBStartup\FantasyDBStartup.csproj]
F:\FantasyDatabase\FantasyDatabaseManager\FantasyDBStartup\obj\Debug\net9.0\Microsoft.CodeAnalysis.Razor.Compiler\Microsoft.NET.Sdk.Razor.SourceGenerators.RazorSourceGenerator\Views_River_Index_cshtml.g.cs(132,83): error CS0246: The type or namespace name 'River' could not be found (are you missing a using directive or an assembly reference?) [F:\FantasyDatabase\FantasyDatabaseManager\FantasyDBStartup\FantasyDBStartup.csproj]
F:\FantasyDatabase\FantasyDatabaseManager\FantasyDBStartup\obj\Debug\net9.0\Microsoft.CodeAnalysis.Razor.Compiler\Microsoft.NET.Sdk.Razor.SourceGenerators.RazorSourceGenerator\Views_Currency_Index_cshtml.g.cs(132,83): error CS0246: The type or namespace name 'Currency' could not be found (are you missing a using directive or an assembly reference?) [F:\FantasyDatabase\FantasyDatabaseManager\FantasyDBStartup\FantasyDBStartup.csproj]
F:\FantasyDatabase\FantasyDatabaseManager\FantasyDBStartup\obj\Debug\net9.0\Microsoft.CodeAnalysis.Razor.Compiler\Microsoft.NET.Sdk.Razor.SourceGenerators.RazorSourceGenerator\Views_Character_Edit_cshtml.g.cs(67,71): error CS0246: The type or namespace name 'Character' could not be found (are you missing a using directive or an assembly reference?) [F:\FantasyDatabase\FantasyDatabaseManager\FantasyDBStartup\FantasyDBStartup.csproj]
F:\FantasyDatabase\FantasyDatabaseManager\FantasyDBStartup\obj\Debug\net9.0\Microsoft.CodeAnalysis.Razor.Compiler\Microsoft.NET.Sdk.Razor.SourceGenerators.RazorSourceGenerator\Views_Faction_Delete_cshtml.g.cs(64,71): error CS0246: The type or namespace name 'Faction' could not be found (are you missing a using directive or an assembly reference?) [F:\FantasyDatabase\FantasyDatabaseManager\FantasyDBStartup\FantasyDBStartup.csproj]
F:\FantasyDatabase\FantasyDatabaseManager\FantasyDBStartup\obj\Debug\net9.0\Microsoft.CodeAnalysis.Razor.Compiler\Microsoft.NET.Sdk.Razor.SourceGenerators.RazorSourceGenerator\Views_CharacterRelationship_Details_cshtml.g.cs(79,71): error CS0246: The type or namespace name 'CharacterRelationship' could not be found (are you missing a using directive or an assembly reference?) [F:\FantasyDatabase\FantasyDatabaseManager\FantasyDBStartup\FantasyDBStartup.csproj]
F:\FantasyDatabase\FantasyDatabaseManager\FantasyDBStartup\Views\Character\Index.cshtml(2,20): error CS0246: The type or namespace name 'Character' could not be found (are you missing a using directive or an assembly reference?) [F:\FantasyDatabase\FantasyDatabaseManager\FantasyDBStartup\FantasyDBStartup.csproj]
F:\FantasyDatabase\FantasyDatabaseManager\FantasyDBStartup\Views\Calendar\Details.cshtml(2,8): error CS0246: The type or namespace name 'Calendar' could not be found (are you missing a using directive or an assembly reference?) [F:\FantasyDatabase\FantasyDatabaseManager\FantasyDBStartup\FantasyDBStartup.csproj]
F:\FantasyDatabase\FantasyDatabaseManager\FantasyDBStartup\Views\Location\Edit.cshtml(2,8): error CS0246: The type or namespace name 'Location' could not be found (are you missing a using directive or an assembly reference?) [F:\FantasyDatabase\FantasyDatabaseManager\FantasyDBStartup\FantasyDBStartup.csproj]
F:\FantasyDatabase\FantasyDatabaseManager\FantasyDBStartup\Views\Artifact\Delete.cshtml(2,8): error CS0246: The type or namespace name 'Artifact' could not be found (are you missing a using directive or an assembly reference?) [F:\FantasyDatabase\FantasyDatabaseManager\FantasyDBStartup\FantasyDBStartup.csproj]
F:\FantasyDatabase\FantasyDatabaseManager\FantasyDBStartup\Views\Faction\Details.cshtml(2,8): error CS0246: The type or namespace name 'Faction' could not be found (are you missing a using directive or an assembly reference?) [F:\FantasyDatabase\FantasyDatabaseManager\FantasyDBStartup\FantasyDBStartup.csproj]
F:\FantasyDatabase\FantasyDatabaseManager\FantasyDBStartup\Views\Language\Details.cshtml(2,8): error CS0246: The type or namespace name 'Language' could not be found (are you missing a using directive or an assembly reference?) [F:\FantasyDatabase\FantasyDatabaseManager\FantasyDBStartup\FantasyDBStartup.csproj]
F:\FantasyDatabase\FantasyDatabaseManager\FantasyDBStartup\Views\PriceExamples\Index.cshtml(2,20): error CS0246: The type or namespace name 'PriceExample' could not be found (are you missing a using directive or an assembly reference?) [F:\FantasyDatabase\FantasyDatabaseManager\FantasyDBStartup\FantasyDBStartup.csproj]
F:\FantasyDatabase\FantasyDatabaseManager\FantasyDBStartup\Views\CharacterRelationship\Edit.cshtml(2,8): error CS0246: The type or namespace name 'CharacterRelationship' could not be found (are you missing a using directive or an assembly reference?) [F:\FantasyDatabase\FantasyDatabaseManager\FantasyDBStartup\FantasyDBStartup.csproj]
F:\FantasyDatabase\FantasyDatabaseManager\FantasyDBStartup\Views\Event\Delete.cshtml(2,8): error CS0246: The type or namespace name 'Event' could not be found (are you missing a using directive or an assembly reference?) [F:\FantasyDatabase\FantasyDatabaseManager\FantasyDBStartup\FantasyDBStartup.csproj]
F:\FantasyDatabase\FantasyDatabaseManager\FantasyDBStartup\Views\Era\Create.cshtml(2,8): error CS0246: The type or namespace name 'Era' could not be found (are you missing a using directive or an assembly reference?) [F:\FantasyDatabase\FantasyDatabaseManager\FantasyDBStartup\FantasyDBStartup.csproj]
F:\FantasyDatabase\FantasyDatabaseManager\FantasyDBStartup\obj\Debug\net9.0\Microsoft.CodeAnalysis.Razor.Compiler\Microsoft.NET.Sdk.Razor.SourceGenerators.RazorSourceGenerator\Views_Character_Index_cshtml.g.cs(132,83): error CS0246: The type or namespace name 'Character' could not be found (are you missing a using directive or an assembly reference?) [F:\FantasyDatabase\FantasyDatabaseManager\FantasyDBStartup\FantasyDBStartup.csproj]
F:\FantasyDatabase\FantasyDatabaseManager\FantasyDBStartup\obj\Debug\net9.0\Microsoft.CodeAnalysis.Razor.Compiler\Microsoft.NET.Sdk.Razor.SourceGenerators.RazorSourceGenerator\Views_Location_Edit_cshtml.g.cs(67,71): error CS0246: The type or namespace name 'Location' could not be found (are you missing a using directive or an assembly reference?) [F:\FantasyDatabase\FantasyDatabaseManager\FantasyDBStartup\FantasyDBStartup.csproj]
F:\FantasyDatabase\FantasyDatabaseManager\FantasyDBStartup\obj\Debug\net9.0\Microsoft.CodeAnalysis.Razor.Compiler\Microsoft.NET.Sdk.Razor.SourceGenerators.RazorSourceGenerator\Views_Calendar_Details_cshtml.g.cs(79,71): error CS0246: The type or namespace name 'Calendar' could not be found (are you missing a using directive or an assembly reference?) [F:\FantasyDatabase\FantasyDatabaseManager\FantasyDBStartup\FantasyDBStartup.csproj]
F:\FantasyDatabase\FantasyDatabaseManager\FantasyDBStartup\obj\Debug\net9.0\Microsoft.CodeAnalysis.Razor.Compiler\Microsoft.NET.Sdk.Razor.SourceGenerators.RazorSourceGenerator\Views_Artifact_Delete_cshtml.g.cs(64,71): error CS0246: The type or namespace name 'Artifact' could not be found (are you missing a using directive or an assembly reference?) [F:\FantasyDatabase\FantasyDatabaseManager\FantasyDBStartup\FantasyDBStartup.csproj]
F:\FantasyDatabase\FantasyDatabaseManager\FantasyDBStartup\obj\Debug\net9.0\Microsoft.CodeAnalysis.Razor.Compiler\Microsoft.NET.Sdk.Razor.SourceGenerators.RazorSourceGenerator\Views_Language_Details_cshtml.g.cs(79,71): error CS0246: The type or namespace name 'Language' could not be found (are you missing a using directive or an assembly reference?) [F:\FantasyDatabase\FantasyDatabaseManager\FantasyDBStartup\FantasyDBStartup.csproj]
F:\FantasyDatabase\FantasyDatabaseManager\FantasyDBStartup\obj\Debug\net9.0\Microsoft.CodeAnalysis.Razor.Compiler\Microsoft.NET.Sdk.Razor.SourceGenerators.RazorSourceGenerator\Views_Faction_Details_cshtml.g.cs(79,71): error CS0246: The type or namespace name 'Faction' could not be found (are you missing a using directive or an assembly reference?) [F:\FantasyDatabase\FantasyDatabaseManager\FantasyDBStartup\FantasyDBStartup.csproj]
F:\FantasyDatabase\FantasyDatabaseManager\FantasyDBStartup\obj\Debug\net9.0\Microsoft.CodeAnalysis.Razor.Compiler\Microsoft.NET.Sdk.Razor.SourceGenerators.RazorSourceGenerator\Views_CharacterRelationship_Edit_cshtml.g.cs(67,71): error CS0246: The type or namespace name 'CharacterRelationship' could not be found (are you missing a using directive or an assembly reference?) [F:\FantasyDatabase\FantasyDatabaseManager\FantasyDBStartup\FantasyDBStartup.csproj]
F:\FantasyDatabase\FantasyDatabaseManager\FantasyDBStartup\obj\Debug\net9.0\Microsoft.CodeAnalysis.Razor.Compiler\Microsoft.NET.Sdk.Razor.SourceGenerators.RazorSourceGenerator\Views_Era_Create_cshtml.g.cs(67,71): error CS0246: The type or namespace name 'Era' could not be found (are you missing a using directive or an assembly reference?) [F:\FantasyDatabase\FantasyDatabaseManager\FantasyDBStartup\FantasyDBStartup.csproj]
F:\FantasyDatabase\FantasyDatabaseManager\FantasyDBStartup\obj\Debug\net9.0\Microsoft.CodeAnalysis.Razor.Compiler\Microsoft.NET.Sdk.Razor.SourceGenerators.RazorSourceGenerator\Views_Event_Delete_cshtml.g.cs(64,71): error CS0246: The type or namespace name 'Event' could not be found (are you missing a using directive or an assembly reference?) [F:\FantasyDatabase\FantasyDatabaseManager\FantasyDBStartup\FantasyDBStartup.csproj]
F:\FantasyDatabase\FantasyDatabaseManager\FantasyDBStartup\obj\Debug\net9.0\Microsoft.CodeAnalysis.Razor.Compiler\Microsoft.NET.Sdk.Razor.SourceGenerators.RazorSourceGenerator\Views_PriceExamples_Index_cshtml.g.cs(144,83): error CS0246: The type or namespace name 'PriceExample' could not be found (are you missing a using directive or an assembly reference?) [F:\FantasyDatabase\FantasyDatabaseManager\FantasyDBStartup\FantasyDBStartup.csproj]
F:\FantasyDatabase\FantasyDatabaseManager\FantasyDBStartup\Views\Calendar\Edit.cshtml(2,8): error CS0246: The type or namespace name 'Calendar' could not be found (are you missing a using directive or an assembly reference?) [F:\FantasyDatabase\FantasyDatabaseManager\FantasyDBStartup\FantasyDBStartup.csproj]
F:\FantasyDatabase\FantasyDatabaseManager\FantasyDBStartup\Views\Location\Index.cshtml(2,20): error CS0246: The type or namespace name 'Location' could not be found (are you missing a using directive or an assembly reference?) [F:\FantasyDatabase\FantasyDatabaseManager\FantasyDBStartup\FantasyDBStartup.csproj]
F:\FantasyDatabase\FantasyDatabaseManager\FantasyDBStartup\Views\Artifact\Details.cshtml(2,8): error CS0246: The type or namespace name 'Artifact' could not be found (are you missing a using directive or an assembly reference?) [F:\FantasyDatabase\FantasyDatabaseManager\FantasyDBStartup\FantasyDBStartup.csproj]
F:\FantasyDatabase\FantasyDatabaseManager\FantasyDBStartup\Views\Faction\Edit.cshtml(2,8): error CS0246: The type or namespace name 'Faction' could not be found (are you missing a using directive or an assembly reference?) [F:\FantasyDatabase\FantasyDatabaseManager\FantasyDBStartup\FantasyDBStartup.csproj]
F:\FantasyDatabase\FantasyDatabaseManager\FantasyDBStartup\Views\Language\Edit.cshtml(2,8): error CS0246: The type or namespace name 'Language' could not be found (are you missing a using directive or an assembly reference?) [F:\FantasyDatabase\FantasyDatabaseManager\FantasyDBStartup\FantasyDBStartup.csproj]
F:\FantasyDatabase\FantasyDatabaseManager\FantasyDBStartup\Views\Currency\Create.cshtml(2,8): error CS0246: The type or namespace name 'Currency' could not be found (are you missing a using directive or an assembly reference?) [F:\FantasyDatabase\FantasyDatabaseManager\FantasyDBStartup\FantasyDBStartup.csproj]
F:\FantasyDatabase\FantasyDatabaseManager\FantasyDBStartup\Views\Era\Delete.cshtml(2,8): error CS0246: The type or namespace name 'Era' could not be found (are you missing a using directive or an assembly reference?) [F:\FantasyDatabase\FantasyDatabaseManager\FantasyDBStartup\FantasyDBStartup.csproj]
F:\FantasyDatabase\FantasyDatabaseManager\FantasyDBStartup\Views\CharacterRelationship\Index.cshtml(2,20): error CS0246: The type or namespace name 'CharacterRelationship' could not be found (are you missing a using directive or an assembly reference?) [F:\FantasyDatabase\FantasyDatabaseManager\FantasyDBStartup\FantasyDBStartup.csproj]
F:\FantasyDatabase\FantasyDatabaseManager\FantasyDBStartup\Views\Event\Details.cshtml(2,8): error CS0246: The type or namespace name 'Event' could not be found (are you missing a using directive or an assembly reference?) [F:\FantasyDatabase\FantasyDatabaseManager\FantasyDBStartup\FantasyDBStartup.csproj]
F:\FantasyDatabase\FantasyDatabaseManager\FantasyDBStartup\Views\River\Create.cshtml(2,8): error CS0246: The type or namespace name 'River' could not be found (are you missing a using directive or an assembly reference?) [F:\FantasyDatabase\FantasyDatabaseManager\FantasyDBStartup\FantasyDBStartup.csproj]
F:\FantasyDatabase\FantasyDatabaseManager\FantasyDBStartup\obj\Debug\net9.0\Microsoft.CodeAnalysis.Razor.Compiler\Microsoft.NET.Sdk.Razor.SourceGenerators.RazorSourceGenerator\Views_Calendar_Edit_cshtml.g.cs(67,71): error CS0246: The type or namespace name 'Calendar' could not be found (are you missing a using directive or an assembly reference?) [F:\FantasyDatabase\FantasyDatabaseManager\FantasyDBStartup\FantasyDBStartup.csproj]
F:\FantasyDatabase\FantasyDatabaseManager\FantasyDBStartup\obj\Debug\net9.0\Microsoft.CodeAnalysis.Razor.Compiler\Microsoft.NET.Sdk.Razor.SourceGenerators.RazorSourceGenerator\Views_Location_Index_cshtml.g.cs(132,83): error CS0246: The type or namespace name 'Location' could not be found (are you missing a using directive or an assembly reference?) [F:\FantasyDatabase\FantasyDatabaseManager\FantasyDBStartup\FantasyDBStartup.csproj]
F:\FantasyDatabase\FantasyDatabaseManager\FantasyDBStartup\obj\Debug\net9.0\Microsoft.CodeAnalysis.Razor.Compiler\Microsoft.NET.Sdk.Razor.SourceGenerators.RazorSourceGenerator\Views_Artifact_Details_cshtml.g.cs(79,71): error CS0246: The type or namespace name 'Artifact' could not be found (are you missing a using directive or an assembly reference?) [F:\FantasyDatabase\FantasyDatabaseManager\FantasyDBStartup\FantasyDBStartup.csproj]
F:\FantasyDatabase\FantasyDatabaseManager\FantasyDBStartup\obj\Debug\net9.0\Microsoft.CodeAnalysis.Razor.Compiler\Microsoft.NET.Sdk.Razor.SourceGenerators.RazorSourceGenerator\Views_Era_Delete_cshtml.g.cs(64,71): error CS0246: The type or namespace name 'Era' could not be found (are you missing a using directive or an assembly reference?) [F:\FantasyDatabase\FantasyDatabaseManager\FantasyDBStartup\FantasyDBStartup.csproj]
F:\FantasyDatabase\FantasyDatabaseManager\FantasyDBStartup\obj\Debug\net9.0\Microsoft.CodeAnalysis.Razor.Compiler\Microsoft.NET.Sdk.Razor.SourceGenerators.RazorSourceGenerator\Views_Faction_Edit_cshtml.g.cs(67,71): error CS0246: The type or namespace name 'Faction' could not be found (are you missing a using directive or an assembly reference?) [F:\FantasyDatabase\FantasyDatabaseManager\FantasyDBStartup\FantasyDBStartup.csproj]
F:\FantasyDatabase\FantasyDatabaseManager\FantasyDBStartup\obj\Debug\net9.0\Microsoft.CodeAnalysis.Razor.Compiler\Microsoft.NET.Sdk.Razor.SourceGenerators.RazorSourceGenerator\Views_Language_Edit_cshtml.g.cs(67,71): error CS0246: The type or namespace name 'Language' could not be found (are you missing a using directive or an assembly reference?) [F:\FantasyDatabase\FantasyDatabaseManager\FantasyDBStartup\FantasyDBStartup.csproj]
F:\FantasyDatabase\FantasyDatabaseManager\FantasyDBStartup\obj\Debug\net9.0\Microsoft.CodeAnalysis.Razor.Compiler\Microsoft.NET.Sdk.Razor.SourceGenerators.RazorSourceGenerator\Views_Currency_Create_cshtml.g.cs(67,71): error CS0246: The type or namespace name 'Currency' could not be found (are you missing a using directive or an assembly reference?) [F:\FantasyDatabase\FantasyDatabaseManager\FantasyDBStartup\FantasyDBStartup.csproj]
F:\FantasyDatabase\FantasyDatabaseManager\FantasyDBStartup\obj\Debug\net9.0\Microsoft.CodeAnalysis.Razor.Compiler\Microsoft.NET.Sdk.Razor.SourceGenerators.RazorSourceGenerator\Views_CharacterRelationship_Index_cshtml.g.cs(144,83): error CS0246: The type or namespace name 'CharacterRelationship' could not be found (are you missing a using directive or an assembly reference?) [F:\FantasyDatabase\FantasyDatabaseManager\FantasyDBStartup\FantasyDBStartup.csproj]
F:\FantasyDatabase\FantasyDatabaseManager\FantasyDBStartup\obj\Debug\net9.0\Microsoft.CodeAnalysis.Razor.Compiler\Microsoft.NET.Sdk.Razor.SourceGenerators.RazorSourceGenerator\Views_Event_Details_cshtml.g.cs(79,71): error CS0246: The type or namespace name 'Event' could not be found (are you missing a using directive or an assembly reference?) [F:\FantasyDatabase\FantasyDatabaseManager\FantasyDBStartup\FantasyDBStartup.csproj]
F:\FantasyDatabase\FantasyDatabaseManager\FantasyDBStartup\obj\Debug\net9.0\Microsoft.CodeAnalysis.Razor.Compiler\Microsoft.NET.Sdk.Razor.SourceGenerators.RazorSourceGenerator\Views_River_Create_cshtml.g.cs(67,71): error CS0246: The type or namespace name 'River' could not be found (are you missing a using directive or an assembly reference?) [F:\FantasyDatabase\FantasyDatabaseManager\FantasyDBStartup\FantasyDBStartup.csproj]
F:\FantasyDatabase\FantasyDatabaseManager\FantasyDBStartup\Views\PriceExamples\Create.cshtml(1,8): error CS0246: The type or namespace name 'PriceExample' could not be found (are you missing a using directive or an assembly reference?) [F:\FantasyDatabase\FantasyDatabaseManager\FantasyDBStartup\FantasyDBStartup.csproj]
F:\FantasyDatabase\FantasyDatabaseManager\FantasyDBStartup\Views\Calendar\Index.cshtml(2,20): error CS0246: The type or namespace name 'Calendar' could not be found (are you missing a using directive or an assembly reference?) [F:\FantasyDatabase\FantasyDatabaseManager\FantasyDBStartup\FantasyDBStartup.csproj]
F:\FantasyDatabase\FantasyDatabaseManager\FantasyDBStartup\Views\Artifact\Edit.cshtml(2,8): error CS0246: The type or namespace name 'Artifact' could not be found (are you missing a using directive or an assembly reference?) [F:\FantasyDatabase\FantasyDatabaseManager\FantasyDBStartup\FantasyDBStartup.csproj]
F:\FantasyDatabase\FantasyDatabaseManager\FantasyDBStartup\Views\Era\Details.cshtml(2,8): error CS0246: The type or namespace name 'Era' could not be found (are you missing a using directive or an assembly reference?) [F:\FantasyDatabase\FantasyDatabaseManager\FantasyDBStartup\FantasyDBStartup.csproj]
F:\FantasyDatabase\FantasyDatabaseManager\FantasyDBStartup\Views\Language\Index.cshtml(2,20): error CS0246: The type or namespace name 'Language' could not be found (are you missing a using directive or an assembly reference?) [F:\FantasyDatabase\FantasyDatabaseManager\FantasyDBStartup\FantasyDBStartup.csproj]
F:\FantasyDatabase\FantasyDatabaseManager\FantasyDBStartup\Views\Faction\Index.cshtml(2,20): error CS0246: The type or namespace name 'Faction' could not be found (are you missing a using directive or an assembly reference?) [F:\FantasyDatabase\FantasyDatabaseManager\FantasyDBStartup\FantasyDBStartup.csproj]
F:\FantasyDatabase\FantasyDatabaseManager\FantasyDBStartup\Views\Currency\Delete.cshtml(2,8): error CS0246: The type or namespace name 'Currency' could not be found (are you missing a using directive or an assembly reference?) [F:\FantasyDatabase\FantasyDatabaseManager\FantasyDBStartup\FantasyDBStartup.csproj]
F:\FantasyDatabase\FantasyDatabaseManager\FantasyDBStartup\Views\Character\Create.cshtml(2,8): error CS0246: The type or namespace name 'Character' could not be found (are you missing a using directive or an assembly reference?) [F:\FantasyDatabase\FantasyDatabaseManager\FantasyDBStartup\FantasyDBStartup.csproj]
F:\FantasyDatabase\FantasyDatabaseManager\FantasyDBStartup\Views\Event\Edit.cshtml(2,8): error CS0246: The type or namespace name 'Event' could not be found (are you missing a using directive or an assembly reference?) [F:\FantasyDatabase\FantasyDatabaseManager\FantasyDBStartup\FantasyDBStartup.csproj]
F:\FantasyDatabase\FantasyDatabaseManager\FantasyDBStartup\Views\River\Delete.cshtml(2,8): error CS0246: The type or namespace name 'River' could not be found (are you missing a using directive or an assembly reference?) [F:\FantasyDatabase\FantasyDatabaseManager\FantasyDBStartup\FantasyDBStartup.csproj]
F:\FantasyDatabase\FantasyDatabaseManager\FantasyDBStartup\obj\Debug\net9.0\Microsoft.CodeAnalysis.Razor.Compiler\Microsoft.NET.Sdk.Razor.SourceGenerators.RazorSourceGenerator\Views_PriceExamples_Create_cshtml.g.cs(66,71): error CS0246: The type or namespace name 'PriceExample' could not be found (are you missing a using directive or an assembly reference?) [F:\FantasyDatabase\FantasyDatabaseManager\FantasyDBStartup\FantasyDBStartup.csproj]
F:\FantasyDatabase\FantasyDatabaseManager\FantasyDBStartup\obj\Debug\net9.0\Microsoft.CodeAnalysis.Razor.Compiler\Microsoft.NET.Sdk.Razor.SourceGenerators.RazorSourceGenerator\Views_Calendar_Index_cshtml.g.cs(132,83): error CS0246: The type or namespace name 'Calendar' could not be found (are you missing a using directive or an assembly reference?) [F:\FantasyDatabase\FantasyDatabaseManager\FantasyDBStartup\FantasyDBStartup.csproj]
F:\FantasyDatabase\FantasyDatabaseManager\FantasyDBStartup\obj\Debug\net9.0\Microsoft.CodeAnalysis.Razor.Compiler\Microsoft.NET.Sdk.Razor.SourceGenerators.RazorSourceGenerator\Views_Era_Details_cshtml.g.cs(79,71): error CS0246: The type or namespace name 'Era' could not be found (are you missing a using directive or an assembly reference?) [F:\FantasyDatabase\FantasyDatabaseManager\FantasyDBStartup\FantasyDBStartup.csproj]
F:\FantasyDatabase\FantasyDatabaseManager\FantasyDBStartup\obj\Debug\net9.0\Microsoft.CodeAnalysis.Razor.Compiler\Microsoft.NET.Sdk.Razor.SourceGenerators.RazorSourceGenerator\Views_Artifact_Edit_cshtml.g.cs(67,71): error CS0246: The type or namespace name 'Artifact' could not be found (are you missing a using directive or an assembly reference?) [F:\FantasyDatabase\FantasyDatabaseManager\FantasyDBStartup\FantasyDBStartup.csproj]
F:\FantasyDatabase\FantasyDatabaseManager\FantasyDBStartup\obj\Debug\net9.0\Microsoft.CodeAnalysis.Razor.Compiler\Microsoft.NET.Sdk.Razor.SourceGenerators.RazorSourceGenerator\Views_Currency_Delete_cshtml.g.cs(64,71): error CS0246: The type or namespace name 'Currency' could not be found (are you missing a using directive or an assembly reference?) [F:\FantasyDatabase\FantasyDatabaseManager\FantasyDBStartup\FantasyDBStartup.csproj]
F:\FantasyDatabase\FantasyDatabaseManager\FantasyDBStartup\obj\Debug\net9.0\Microsoft.CodeAnalysis.Razor.Compiler\Microsoft.NET.Sdk.Razor.SourceGenerators.RazorSourceGenerator\Views_Event_Edit_cshtml.g.cs(67,71): error CS0246: The type or namespace name 'Event' could not be found (are you missing a using directive or an assembly reference?) [F:\FantasyDatabase\FantasyDatabaseManager\FantasyDBStartup\FantasyDBStartup.csproj]
F:\FantasyDatabase\FantasyDatabaseManager\FantasyDBStartup\obj\Debug\net9.0\Microsoft.CodeAnalysis.Razor.Compiler\Microsoft.NET.Sdk.Razor.SourceGenerators.RazorSourceGenerator\Views_Language_Index_cshtml.g.cs(132,83): error CS0246: The type or namespace name 'Language' could not be found (are you missing a using directive or an assembly reference?) [F:\FantasyDatabase\FantasyDatabaseManager\FantasyDBStartup\FantasyDBStartup.csproj]
F:\FantasyDatabase\FantasyDatabaseManager\FantasyDBStartup\obj\Debug\net9.0\Microsoft.CodeAnalysis.Razor.Compiler\Microsoft.NET.Sdk.Razor.SourceGenerators.RazorSourceGenerator\Views_Faction_Index_cshtml.g.cs(132,83): error CS0246: The type or namespace name 'Faction' could not be found (are you missing a using directive or an assembly reference?) [F:\FantasyDatabase\FantasyDatabaseManager\FantasyDBStartup\FantasyDBStartup.csproj]
F:\FantasyDatabase\FantasyDatabaseManager\FantasyDBStartup\obj\Debug\net9.0\Microsoft.CodeAnalysis.Razor.Compiler\Microsoft.NET.Sdk.Razor.SourceGenerators.RazorSourceGenerator\Views_Character_Create_cshtml.g.cs(67,71): error CS0246: The type or namespace name 'Character' could not be found (are you missing a using directive or an assembly reference?) [F:\FantasyDatabase\FantasyDatabaseManager\FantasyDBStartup\FantasyDBStartup.csproj]
F:\FantasyDatabase\FantasyDatabaseManager\FantasyDBStartup\obj\Debug\net9.0\Microsoft.CodeAnalysis.Razor.Compiler\Microsoft.NET.Sdk.Razor.SourceGenerators.RazorSourceGenerator\Views_River_Delete_cshtml.g.cs(64,71): error CS0246: The type or namespace name 'River' could not be found (are you missing a using directive or an assembly reference?) [F:\FantasyDatabase\FantasyDatabaseManager\FantasyDBStartup\FantasyDBStartup.csproj]
F:\FantasyDatabase\FantasyDatabaseManager\FantasyDBStartup\Views\PriceExamples\Delete.cshtml(1,8): error CS0246: The type or namespace name 'PriceExample' could not be found (are you missing a using directive or an assembly reference?) [F:\FantasyDatabase\FantasyDatabaseManager\FantasyDBStartup\FantasyDBStartup.csproj]
F:\FantasyDatabase\FantasyDatabaseManager\FantasyDBStartup\Views\CharacterRelationship\Create.cshtml(2,8): error CS0246: The type or namespace name 'CharacterRelationship' could not be found (are you missing a using directive or an assembly reference?) [F:\FantasyDatabase\FantasyDatabaseManager\FantasyDBStartup\FantasyDBStartup.csproj]
F:\FantasyDatabase\FantasyDatabaseManager\FantasyDBStartup\Views\Artifact\Index.cshtml(2,20): error CS0246: The type or namespace name 'Artifact' could not be found (are you missing a using directive or an assembly reference?) [F:\FantasyDatabase\FantasyDatabaseManager\FantasyDBStartup\FantasyDBStartup.csproj]
F:\FantasyDatabase\FantasyDatabaseManager\FantasyDBStartup\Views\Era\Edit.cshtml(2,8): error CS0246: The type or namespace name 'Era' could not be found (are you missing a using directive or an assembly reference?) [F:\FantasyDatabase\FantasyDatabaseManager\FantasyDBStartup\FantasyDBStartup.csproj]
F:\FantasyDatabase\FantasyDatabaseManager\FantasyDBStartup\Views\Currency\Details.cshtml(2,8): error CS0246: The type or namespace name 'Currency' could not be found (are you missing a using directive or an assembly reference?) [F:\FantasyDatabase\FantasyDatabaseManager\FantasyDBStartup\FantasyDBStartup.csproj]
F:\FantasyDatabase\FantasyDatabaseManager\FantasyDBStartup\Views\Character\Delete.cshtml(2,8): error CS0246: The type or namespace name 'Character' could not be found (are you missing a using directive or an assembly reference?) [F:\FantasyDatabase\FantasyDatabaseManager\FantasyDBStartup\FantasyDBStartup.csproj]
F:\FantasyDatabase\FantasyDatabaseManager\FantasyDBStartup\Views\Location\Create.cshtml(2,8): error CS0246: The type or namespace name 'Location' could not be found (are you missing a using directive or an assembly reference?) [F:\FantasyDatabase\FantasyDatabaseManager\FantasyDBStartup\FantasyDBStartup.csproj]
F:\FantasyDatabase\FantasyDatabaseManager\FantasyDBStartup\Views\Event\Index.cshtml(2,20): error CS0246: The type or namespace name 'Event' could not be found (are you missing a using directive or an assembly reference?) [F:\FantasyDatabase\FantasyDatabaseManager\FantasyDBStartup\FantasyDBStartup.csproj]
F:\FantasyDatabase\FantasyDatabaseManager\FantasyDBStartup\Views\River\Details.cshtml(2,8): error CS0246: The type or namespace name 'River' could not be found (are you missing a using directive or an assembly reference?) [F:\FantasyDatabase\FantasyDatabaseManager\FantasyDBStartup\FantasyDBStartup.csproj]
F:\FantasyDatabase\FantasyDatabaseManager\FantasyDBStartup\obj\Debug\net9.0\Microsoft.CodeAnalysis.Razor.Compiler\Microsoft.NET.Sdk.Razor.SourceGenerators.RazorSourceGenerator\Views_PriceExamples_Delete_cshtml.g.cs(63,71): error CS0246: The type or namespace name 'PriceExample' could not be found (are you missing a using directive or an assembly reference?) [F:\FantasyDatabase\FantasyDatabaseManager\FantasyDBStartup\FantasyDBStartup.csproj]
F:\FantasyDatabase\FantasyDatabaseManager\FantasyDBStartup\obj\Debug\net9.0\Microsoft.CodeAnalysis.Razor.Compiler\Microsoft.NET.Sdk.Razor.SourceGenerators.RazorSourceGenerator\Views_CharacterRelationship_Create_cshtml.g.cs(67,71): error CS0246: The type or namespace name 'CharacterRelationship' could not be found (are you missing a using directive or an assembly reference?) [F:\FantasyDatabase\FantasyDatabaseManager\FantasyDBStartup\FantasyDBStartup.csproj]
F:\FantasyDatabase\FantasyDatabaseManager\FantasyDBStartup\obj\Debug\net9.0\Microsoft.CodeAnalysis.Razor.Compiler\Microsoft.NET.Sdk.Razor.SourceGenerators.RazorSourceGenerator\Views_Era_Edit_cshtml.g.cs(67,71): error CS0246: The type or namespace name 'Era' could not be found (are you missing a using directive or an assembly reference?) [F:\FantasyDatabase\FantasyDatabaseManager\FantasyDBStartup\FantasyDBStartup.csproj]
F:\FantasyDatabase\FantasyDatabaseManager\FantasyDBStartup\obj\Debug\net9.0\Microsoft.CodeAnalysis.Razor.Compiler\Microsoft.NET.Sdk.Razor.SourceGenerators.RazorSourceGenerator\Views_Artifact_Index_cshtml.g.cs(132,83): error CS0246: The type or namespace name 'Artifact' could not be found (are you missing a using directive or an assembly reference?) [F:\FantasyDatabase\FantasyDatabaseManager\FantasyDBStartup\FantasyDBStartup.csproj]
F:\FantasyDatabase\FantasyDatabaseManager\FantasyDBStartup\obj\Debug\net9.0\Microsoft.CodeAnalysis.Razor.Compiler\Microsoft.NET.Sdk.Razor.SourceGenerators.RazorSourceGenerator\Views_Currency_Details_cshtml.g.cs(79,71): error CS0246: The type or namespace name 'Currency' could not be found (are you missing a using directive or an assembly reference?) [F:\FantasyDatabase\FantasyDatabaseManager\FantasyDBStartup\FantasyDBStartup.csproj]
F:\FantasyDatabase\FantasyDatabaseManager\FantasyDBStartup\obj\Debug\net9.0\Microsoft.CodeAnalysis.Razor.Compiler\Microsoft.NET.Sdk.Razor.SourceGenerators.RazorSourceGenerator\Views_Character_Delete_cshtml.g.cs(64,71): error CS0246: The type or namespace name 'Character' could not be found (are you missing a using directive or an assembly reference?) [F:\FantasyDatabase\FantasyDatabaseManager\FantasyDBStartup\FantasyDBStartup.csproj]
F:\FantasyDatabase\FantasyDatabaseManager\FantasyDBStartup\obj\Debug\net9.0\Microsoft.CodeAnalysis.Razor.Compiler\Microsoft.NET.Sdk.Razor.SourceGenerators.RazorSourceGenerator\Views_Location_Create_cshtml.g.cs(67,71): error CS0246: The type or namespace name 'Location' could not be found (are you missing a using directive or an assembly reference?) [F:\FantasyDatabase\FantasyDatabaseManager\FantasyDBStartup\FantasyDBStartup.csproj]
F:\FantasyDatabase\FantasyDatabaseManager\FantasyDBStartup\Views\Language\Create.cshtml(2,8): error CS0246: The type or namespace name 'Language' could not be found (are you missing a using directive or an assembly reference?) [F:\FantasyDatabase\FantasyDatabaseManager\FantasyDBStartup\FantasyDBStartup.csproj]
F:\FantasyDatabase\FantasyDatabaseManager\FantasyDBStartup\obj\Debug\net9.0\Microsoft.CodeAnalysis.Razor.Compiler\Microsoft.NET.Sdk.Razor.SourceGenerators.RazorSourceGenerator\Views_Event_Index_cshtml.g.cs(132,83): error CS0246: The type or namespace name 'Event' could not be found (are you missing a using directive or an assembly reference?) [F:\FantasyDatabase\FantasyDatabaseManager\FantasyDBStartup\FantasyDBStartup.csproj]
F:\FantasyDatabase\FantasyDatabaseManager\FantasyDBStartup\obj\Debug\net9.0\Microsoft.CodeAnalysis.Razor.Compiler\Microsoft.NET.Sdk.Razor.SourceGenerators.RazorSourceGenerator\Views_River_Details_cshtml.g.cs(79,71): error CS0246: The type or namespace name 'River' could not be found (are you missing a using directive or an assembly reference?) [F:\FantasyDatabase\FantasyDatabaseManager\FantasyDBStartup\FantasyDBStartup.csproj]
F:\FantasyDatabase\FantasyDatabaseManager\FantasyDBStartup\Views\PriceExamples\Details.cshtml(1,8): error CS0246: The type or namespace name 'PriceExample' could not be found (are you missing a using directive or an assembly reference?) [F:\FantasyDatabase\FantasyDatabaseManager\FantasyDBStartup\FantasyDBStartup.csproj]
F:\FantasyDatabase\FantasyDatabaseManager\FantasyDBStartup\Views\CharacterRelationship\Delete.cshtml(2,8): error CS0246: The type or namespace name 'CharacterRelationship' could not be found (are you missing a using directive or an assembly reference?) [F:\FantasyDatabase\FantasyDatabaseManager\FantasyDBStartup\FantasyDBStartup.csproj]
F:\FantasyDatabase\FantasyDatabaseManager\FantasyDBStartup\obj\Debug\net9.0\Microsoft.CodeAnalysis.Razor.Compiler\Microsoft.NET.Sdk.Razor.SourceGenerators.RazorSourceGenerator\Views_Language_Create_cshtml.g.cs(67,71): error CS0246: The type or namespace name 'Language' could not be found (are you missing a using directive or an assembly reference?) [F:\FantasyDatabase\FantasyDatabaseManager\FantasyDBStartup\FantasyDBStartup.csproj]
F:\FantasyDatabase\FantasyDatabaseManager\FantasyDBStartup\Views\Era\Index.cshtml(2,20): error CS0246: The type or namespace name 'Era' could not be found (are you missing a using directive or an assembly reference?) [F:\FantasyDatabase\FantasyDatabaseManager\FantasyDBStartup\FantasyDBStartup.csproj]
F:\FantasyDatabase\FantasyDatabaseManager\FantasyDBStartup\Views\Calendar\Create.cshtml(2,8): error CS0246: The type or namespace name 'Calendar' could not be found (are you missing a using directive or an assembly reference?) [F:\FantasyDatabase\FantasyDatabaseManager\FantasyDBStartup\FantasyDBStartup.csproj]
F:\FantasyDatabase\FantasyDatabaseManager\FantasyDBStartup\Views\Currency\Edit.cshtml(2,8): error CS0246: The type or namespace name 'Currency' could not be found (are you missing a using directive or an assembly reference?) [F:\FantasyDatabase\FantasyDatabaseManager\FantasyDBStartup\FantasyDBStartup.csproj]
F:\FantasyDatabase\FantasyDatabaseManager\FantasyDBStartup\Views\Location\Delete.cshtml(2,8): error CS0246: The type or namespace name 'Location' could not be found (are you missing a using directive or an assembly reference?) [F:\FantasyDatabase\FantasyDatabaseManager\FantasyDBStartup\FantasyDBStartup.csproj]
F:\FantasyDatabase\FantasyDatabaseManager\FantasyDBStartup\Views\Character\Details.cshtml(2,8): error CS0246: The type or namespace name 'Character' could not be found (are you missing a using directive or an assembly reference?) [F:\FantasyDatabase\FantasyDatabaseManager\FantasyDBStartup\FantasyDBStartup.csproj]
F:\FantasyDatabase\FantasyDatabaseManager\FantasyDBStartup\Views\Faction\Create.cshtml(2,8): error CS0246: The type or namespace name 'Faction' could not be found (are you missing a using directive or an assembly reference?) [F:\FantasyDatabase\FantasyDatabaseManager\FantasyDBStartup\FantasyDBStartup.csproj]
F:\FantasyDatabase\FantasyDatabaseManager\FantasyDBStartup\Views\River\Edit.cshtml(2,8): error CS0246: The type or namespace name 'River' could not be found (are you missing a using directive or an assembly reference?) [F:\FantasyDatabase\FantasyDatabaseManager\FantasyDBStartup\FantasyDBStartup.csproj]
F:\FantasyDatabase\FantasyDatabaseManager\FantasyDBStartup\obj\Debug\net9.0\Microsoft.CodeAnalysis.Razor.Compiler\Microsoft.NET.Sdk.Razor.SourceGenerators.RazorSourceGenerator\Views_PriceExamples_Details_cshtml.g.cs(78,71): error CS0246: The type or namespace name 'PriceExample' could not be found (are you missing a using directive or an assembly reference?) [F:\FantasyDatabase\FantasyDatabaseManager\FantasyDBStartup\FantasyDBStartup.csproj]
F:\FantasyDatabase\FantasyDatabaseManager\FantasyDBStartup\obj\Debug\net9.0\Microsoft.CodeAnalysis.Razor.Compiler\Microsoft.NET.Sdk.Razor.SourceGenerators.RazorSourceGenerator\Views_CharacterRelationship_Delete_cshtml.g.cs(64,71): error CS0246: The type or namespace name 'CharacterRelationship' could not be found (are you missing a using directive or an assembly reference?) [F:\FantasyDatabase\FantasyDatabaseManager\FantasyDBStartup\FantasyDBStartup.csproj]
F:\FantasyDatabase\FantasyDatabaseManager\FantasyDBStartup\obj\Debug\net9.0\Microsoft.CodeAnalysis.Razor.Compiler\Microsoft.NET.Sdk.Razor.SourceGenerators.RazorSourceGenerator\Views_Era_Index_cshtml.g.cs(132,83): error CS0246: The type or namespace name 'Era' could not be found (are you missing a using directive or an assembly reference?) [F:\FantasyDatabase\FantasyDatabaseManager\FantasyDBStartup\FantasyDBStartup.csproj]
F:\FantasyDatabase\FantasyDatabaseManager\FantasyDBStartup\obj\Debug\net9.0\Microsoft.CodeAnalysis.Razor.Compiler\Microsoft.NET.Sdk.Razor.SourceGenerators.RazorSourceGenerator\Views_Calendar_Create_cshtml.g.cs(67,71): error CS0246: The type or namespace name 'Calendar' could not be found (are you missing a using directive or an assembly reference?) [F:\FantasyDatabase\FantasyDatabaseManager\FantasyDBStartup\FantasyDBStartup.csproj]
F:\FantasyDatabase\FantasyDatabaseManager\FantasyDBStartup\obj\Debug\net9.0\Microsoft.CodeAnalysis.Razor.Compiler\Microsoft.NET.Sdk.Razor.SourceGenerators.RazorSourceGenerator\Views_Currency_Edit_cshtml.g.cs(67,71): error CS0246: The type or namespace name 'Currency' could not be found (are you missing a using directive or an assembly reference?) [F:\FantasyDatabase\FantasyDatabaseManager\FantasyDBStartup\FantasyDBStartup.csproj]
F:\FantasyDatabase\FantasyDatabaseManager\FantasyDBStartup\obj\Debug\net9.0\Microsoft.CodeAnalysis.Razor.Compiler\Microsoft.NET.Sdk.Razor.SourceGenerators.RazorSourceGenerator\Views_Location_Delete_cshtml.g.cs(64,71): error CS0246: The type or namespace name 'Location' could not be found (are you missing a using directive or an assembly reference?) [F:\FantasyDatabase\FantasyDatabaseManager\FantasyDBStartup\FantasyDBStartup.csproj]
F:\FantasyDatabase\FantasyDatabaseManager\FantasyDBStartup\obj\Debug\net9.0\Microsoft.CodeAnalysis.Razor.Compiler\Microsoft.NET.Sdk.Razor.SourceGenerators.RazorSourceGenerator\Views_Character_Details_cshtml.g.cs(79,71): error CS0246: The type or namespace name 'Character' could not be found (are you missing a using directive or an assembly reference?) [F:\FantasyDatabase\FantasyDatabaseManager\FantasyDBStartup\FantasyDBStartup.csproj]
F:\FantasyDatabase\FantasyDatabaseManager\FantasyDBStartup\obj\Debug\net9.0\Microsoft.CodeAnalysis.Razor.Compiler\Microsoft.NET.Sdk.Razor.SourceGenerators.RazorSourceGenerator\Views_Faction_Create_cshtml.g.cs(67,71): error CS0246: The type or namespace name 'Faction' could not be found (are you missing a using directive or an assembly reference?) [F:\FantasyDatabase\FantasyDatabaseManager\FantasyDBStartup\FantasyDBStartup.csproj]
F:\FantasyDatabase\FantasyDatabaseManager\FantasyDBStartup\Views\Snapshot\Edit.cshtml(2,8): error CS0246: The type or namespace name 'Snapshot' could not be found (are you missing a using directive or an assembly reference?) [F:\FantasyDatabase\FantasyDatabaseManager\FantasyDBStartup\FantasyDBStartup.csproj]
F:\FantasyDatabase\FantasyDatabaseManager\FantasyDBStartup\obj\Debug\net9.0\Microsoft.CodeAnalysis.Razor.Compiler\Microsoft.NET.Sdk.Razor.SourceGenerators.RazorSourceGenerator\Views_River_Edit_cshtml.g.cs(67,71): error CS0246: The type or namespace name 'River' could not be found (are you missing a using directive or an assembly reference?) [F:\FantasyDatabase\FantasyDatabaseManager\FantasyDBStartup\FantasyDBStartup.csproj]
F:\FantasyDatabase\FantasyDatabaseManager\FantasyDBStartup\Views\Snapshot\Create.cshtml(2,8): error CS0246: The type or namespace name 'Snapshot' could not be found (are you missing a using directive or an assembly reference?) [F:\FantasyDatabase\FantasyDatabaseManager\FantasyDBStartup\FantasyDBStartup.csproj]
F:\FantasyDatabase\FantasyDatabaseManager\FantasyDBStartup\obj\Debug\net9.0\Microsoft.CodeAnalysis.Razor.Compiler\Microsoft.NET.Sdk.Razor.SourceGenerators.RazorSourceGenerator\Views_Snapshot_Edit_cshtml.g.cs(67,71): error CS0246: The type or namespace name 'Snapshot' could not be found (are you missing a using directive or an assembly reference?) [F:\FantasyDatabase\FantasyDatabaseManager\FantasyDBStartup\FantasyDBStartup.csproj]
F:\FantasyDatabase\FantasyDatabaseManager\FantasyDBStartup\obj\Debug\net9.0\Microsoft.CodeAnalysis.Razor.Compiler\Microsoft.NET.Sdk.Razor.SourceGenerators.RazorSourceGenerator\Views_Snapshot_Create_cshtml.g.cs(67,71): error CS0246: The type or namespace name 'Snapshot' could not be found (are you missing a using directive or an assembly reference?) [F:\FantasyDatabase\FantasyDatabaseManager\FantasyDBStartup\FantasyDBStartup.csproj]
F:\FantasyDatabase\FantasyDatabaseManager\FantasyDBStartup\Views\Snapshot\Index.cshtml(2,20): error CS0246: The type or namespace name 'Snapshot' could not be found (are you missing a using directive or an assembly reference?) [F:\FantasyDatabase\FantasyDatabaseManager\FantasyDBStartup\FantasyDBStartup.csproj]
F:\FantasyDatabase\FantasyDatabaseManager\FantasyDBStartup\Views\Snapshot\Delete.cshtml(2,8): error CS0246: The type or namespace name 'Snapshot' could not be found (are you missing a using directive or an assembly reference?) [F:\FantasyDatabase\FantasyDatabaseManager\FantasyDBStartup\FantasyDBStartup.csproj]
F:\FantasyDatabase\FantasyDatabaseManager\FantasyDBStartup\obj\Debug\net9.0\Microsoft.CodeAnalysis.Razor.Compiler\Microsoft.NET.Sdk.Razor.SourceGenerators.RazorSourceGenerator\Views_Snapshot_Delete_cshtml.g.cs(64,71): error CS0246: The type or namespace name 'Snapshot' could not be found (are you missing a using directive or an assembly reference?) [F:\FantasyDatabase\FantasyDatabaseManager\FantasyDBStartup\FantasyDBStartup.csproj]
F:\FantasyDatabase\FantasyDatabaseManager\FantasyDBStartup\obj\Debug\net9.0\Microsoft.CodeAnalysis.Razor.Compiler\Microsoft.NET.Sdk.Razor.SourceGenerators.RazorSourceGenerator\Views_Snapshot_Index_cshtml.g.cs(132,83): error CS0246: The type or namespace name 'Snapshot' could not be found (are you missing a using directive or an assembly reference?) [F:\FantasyDatabase\FantasyDatabaseManager\FantasyDBStartup\FantasyDBStartup.csproj]
F:\FantasyDatabase\FantasyDatabaseManager\FantasyDBStartup\Views\Snapshot\Details.cshtml(2,8): error CS0246: The type or namespace name 'Snapshot' could not be found (are you missing a using directive or an assembly reference?) [F:\FantasyDatabase\FantasyDatabaseManager\FantasyDBStartup\FantasyDBStartup.csproj]
F:\FantasyDatabase\FantasyDatabaseManager\FantasyDBStartup\obj\Debug\net9.0\Microsoft.CodeAnalysis.Razor.Compiler\Microsoft.NET.Sdk.Razor.SourceGenerators.RazorSourceGenerator\Views_Snapshot_Details_cshtml.g.cs(79,71): error CS0246: The type or namespace name 'Snapshot' could not be found (are you missing a using directive or an assembly reference?) [F:\FantasyDatabase\FantasyDatabaseManager\FantasyDBStartup\FantasyDBStartup.csproj]
    0 Warning(s)
    132 Error(s)

Time Elapsed 00:00:01.64
